
 Start         Length     Name                   Class
 0001:00401000 00033D48H .text                   CODE
 0002:00435000 0000016CH .itext                  ICODE
 0003:00436000 000007B4H .data                   DATA
 0004:00437000 0000004CH .bss                    BSS
 0005:00000000 00000000H .tls                    TLS


Detailed map of segments

 0001:00000000 0000017E C=CODE     S=.text    G=(none)   M=System   ACBP=A9
 0001:00000180 000001C3 C=CODE     S=.text    G=(none)   M=SysInit  ACBP=A9
 0001:00000344 0000000E C=CODE     S=.text    G=(none)   M=IdHTTP   ACBP=A9
 0001:00000354 00000006 C=CODE     S=.text    G=(none)   M=IdComponent ACBP=A9
 0001:0000035C 0000014E C=CODE     S=.text    G=(none)   M=Classes  ACBP=A9
 0001:000004AC 0000004C C=CODE     S=.text    G=(none)   M=Windows  ACBP=A9
 0001:000004F8 00000006 C=CODE     S=.text    G=(none)   M=TypInfo  ACBP=A9
 0001:00000500 0000007E C=CODE     S=.text    G=(none)   M=SysUtils ACBP=A9
 0001:00000580 0000004E C=CODE     S=.text    G=(none)   M=Variants ACBP=A9
 0001:000005D0 00000006 C=CODE     S=.text    G=(none)   M=VarUtils ACBP=A9
 0001:000005D8 00000006 C=CODE     S=.text    G=(none)   M=IdStack  ACBP=A9
 0001:000005E0 00000006 C=CODE     S=.text    G=(none)   M=IdSysVCL ACBP=A9
 0001:000005E8 0000000E C=CODE     S=.text    G=(none)   M=IdGlobal ACBP=A9
 0001:000005F8 00000006 C=CODE     S=.text    G=(none)   M=IdWinSock2 ACBP=A9
 0001:00000600 00000006 C=CODE     S=.text    G=(none)   M=IdWship6 ACBP=A9
 0001:00000608 00000006 C=CODE     S=.text    G=(none)   M=IdStackWindows ACBP=A9
 0001:00000610 00000006 C=CODE     S=.text    G=(none)   M=IdBaseComponent ACBP=A9
 0001:00000618 00000006 C=CODE     S=.text    G=(none)   M=IdIOHandlerStack ACBP=A9
 0001:00000620 00000006 C=CODE     S=.text    G=(none)   M=IdIOHandler ACBP=A9
 0001:00000628 0000000E C=CODE     S=.text    G=(none)   M=IdGlobalProtocols ACBP=A9
 0001:00000638 00000006 C=CODE     S=.text    G=(none)   M=IdCharsets ACBP=A9
 0001:00000640 00000006 C=CODE     S=.text    G=(none)   M=Registry ACBP=A9
 0001:00000648 00000006 C=CODE     S=.text    G=(none)   M=IniFiles ACBP=A9
 0001:00000650 00000006 C=CODE     S=.text    G=(none)   M=IdAuthentication ACBP=A9
 0001:00000658 00000006 C=CODE     S=.text    G=(none)   M=IdCoder  ACBP=A9
 0001:00000660 00000006 C=CODE     S=.text    G=(none)   M=IdCoderMIME ACBP=A9
 0001:00000668 00000006 C=CODE     S=.text    G=(none)   M=IdCookie ACBP=A9
 0001:00000670 00000006 C=CODE     S=.text    G=(none)   M=IdSSL    ACBP=A9
 0001:00000678 00000006 C=CODE     S=.text    G=(none)   M=IdThread ACBP=A9
 0001:00000680 00000006 C=CODE     S=.text    G=(none)   M=xmldom   ACBP=A9
 0001:00000688 00000006 C=CODE     S=.text    G=(none)   M=msxmldom ACBP=A9
 0001:00000690 00000006 C=CODE     S=.text    G=(none)   M=ComObj   ACBP=A9
 0001:00000698 00000006 C=CODE     S=.text    G=(none)   M=XMLIntf  ACBP=A9
 0001:000006A0 0000005E C=CODE     S=.text    G=(none)   M=XMLDoc   ACBP=A9
 0001:00000700 00000006 C=CODE     S=.text    G=(none)   M=XMLSchema ACBP=A9
 0001:00000708 00000006 C=CODE     S=.text    G=(none)   M=XMLSchemaTags ACBP=A9
 0001:00000710 00001AC2 C=CODE     S=.text    G=(none)   M=SimpleRSSConst ACBP=A9
 0001:000021D4 000011A6 C=CODE     S=.text    G=(none)   M=iTunesTypes ACBP=A9
 0001:0000337C 00003510 C=CODE     S=.text    G=(none)   M=SimpleRSSTypes ACBP=A9
 0001:0000688C 00000106 C=CODE     S=.text    G=(none)   M=SimpleParserBase ACBP=A9
 0001:00006994 00010186 C=CODE     S=.text    G=(none)   M=SimpleParseriTunes ACBP=A9
 0001:00016B1C 000051B6 C=CODE     S=.text    G=(none)   M=SimpleParserAtom ACBP=A9
 0001:0001BCD4 0000D6BA C=CODE     S=.text    G=(none)   M=SimpleParserRSS ACBP=A9
 0001:00029390 000074E6 C=CODE     S=.text    G=(none)   M=SimpleParserRDF ACBP=A9
 0001:00030878 00000BD2 C=CODE     S=.text    G=(none)   M=SimpleRSS ACBP=A9
 0001:0003144C 000025CA C=CODE     S=.text    G=(none)   M=SimpleRSSUtils ACBP=A9
 0001:00033A18 0000032F C=CODE     S=.text    G=(none)   M=.SimpleRSS_D2k6_Win32 ACBP=A9
 0002:00000000 00000006 C=ICODE    S=.itext   G=(none)   M=System   ACBP=A9
 0002:00000008 00000006 C=ICODE    S=.itext   G=(none)   M=IdHTTP   ACBP=A9
 0002:00000010 00000006 C=ICODE    S=.itext   G=(none)   M=IdComponent ACBP=A9
 0002:00000018 00000006 C=ICODE    S=.itext   G=(none)   M=Classes  ACBP=A9
 0002:00000020 00000011 C=ICODE    S=.itext   G=(none)   M=Windows  ACBP=A9
 0002:00000034 00000006 C=ICODE    S=.itext   G=(none)   M=TypInfo  ACBP=A9
 0002:0000003C 00000006 C=ICODE    S=.itext   G=(none)   M=SysUtils ACBP=A9
 0002:00000044 00000006 C=ICODE    S=.itext   G=(none)   M=Variants ACBP=A9
 0002:0000004C 00000006 C=ICODE    S=.itext   G=(none)   M=VarUtils ACBP=A9
 0002:00000054 00000006 C=ICODE    S=.itext   G=(none)   M=IdStack  ACBP=A9
 0002:0000005C 00000006 C=ICODE    S=.itext   G=(none)   M=IdSysVCL ACBP=A9
 0002:00000064 00000006 C=ICODE    S=.itext   G=(none)   M=IdGlobal ACBP=A9
 0002:0000006C 00000006 C=ICODE    S=.itext   G=(none)   M=IdWinSock2 ACBP=A9
 0002:00000074 00000006 C=ICODE    S=.itext   G=(none)   M=IdWship6 ACBP=A9
 0002:0000007C 00000006 C=ICODE    S=.itext   G=(none)   M=IdStackWindows ACBP=A9
 0002:00000084 00000006 C=ICODE    S=.itext   G=(none)   M=IdIOHandlerStack ACBP=A9
 0002:0000008C 00000006 C=ICODE    S=.itext   G=(none)   M=IdIOHandler ACBP=A9
 0002:00000094 00000006 C=ICODE    S=.itext   G=(none)   M=IdGlobalProtocols ACBP=A9
 0002:0000009C 00000006 C=ICODE    S=.itext   G=(none)   M=IdCharsets ACBP=A9
 0002:000000A4 00000006 C=ICODE    S=.itext   G=(none)   M=Registry ACBP=A9
 0002:000000AC 00000006 C=ICODE    S=.itext   G=(none)   M=IniFiles ACBP=A9
 0002:000000B4 00000006 C=ICODE    S=.itext   G=(none)   M=IdAuthentication ACBP=A9
 0002:000000BC 00000006 C=ICODE    S=.itext   G=(none)   M=IdCoderMIME ACBP=A9
 0002:000000C4 00000006 C=ICODE    S=.itext   G=(none)   M=IdCookie ACBP=A9
 0002:000000CC 00000006 C=ICODE    S=.itext   G=(none)   M=IdSSL    ACBP=A9
 0002:000000D4 00000006 C=ICODE    S=.itext   G=(none)   M=IdThread ACBP=A9
 0002:000000DC 00000006 C=ICODE    S=.itext   G=(none)   M=xmldom   ACBP=A9
 0002:000000E4 00000006 C=ICODE    S=.itext   G=(none)   M=msxmldom ACBP=A9
 0002:000000EC 00000006 C=ICODE    S=.itext   G=(none)   M=ComObj   ACBP=A9
 0002:000000F4 00000006 C=ICODE    S=.itext   G=(none)   M=XMLIntf  ACBP=A9
 0002:000000FC 00000006 C=ICODE    S=.itext   G=(none)   M=XMLDoc   ACBP=A9
 0002:00000104 00000006 C=ICODE    S=.itext   G=(none)   M=XMLSchema ACBP=A9
 0002:0000010C 00000006 C=ICODE    S=.itext   G=(none)   M=XMLSchemaTags ACBP=A9
 0002:00000114 00000008 C=ICODE    S=.itext   G=(none)   M=SimpleRSSConst ACBP=A9
 0002:0000011C 00000008 C=ICODE    S=.itext   G=(none)   M=iTunesTypes ACBP=A9
 0002:00000124 00000008 C=ICODE    S=.itext   G=(none)   M=SimpleRSSTypes ACBP=A9
 0002:0000012C 00000008 C=ICODE    S=.itext   G=(none)   M=SimpleParserBase ACBP=A9
 0002:00000134 00000008 C=ICODE    S=.itext   G=(none)   M=SimpleParseriTunes ACBP=A9
 0002:0000013C 00000008 C=ICODE    S=.itext   G=(none)   M=SimpleParserAtom ACBP=A9
 0002:00000144 00000008 C=ICODE    S=.itext   G=(none)   M=SimpleParserRSS ACBP=A9
 0002:0000014C 00000008 C=ICODE    S=.itext   G=(none)   M=SimpleParserRDF ACBP=A9
 0002:00000154 00000008 C=ICODE    S=.itext   G=(none)   M=SimpleRSS ACBP=A9
 0002:0000015C 00000008 C=ICODE    S=.itext   G=(none)   M=SimpleRSSUtils ACBP=A9
 0002:00000164 00000005 C=ICODE    S=.itext   G=(none)   M=.SimpleRSS_D2k6_Win32 ACBP=A9
 0003:00000000 0000002C C=DATA     S=.data    G=DGROUP   M=SysInit  ACBP=A9
 0003:0000002C 000003E4 C=DATA     S=.data    G=DGROUP   M=SimpleRSSConst ACBP=A9
 0004:00000000 0000000C C=BSS      S=.bss     G=DGROUP   M=SysInit  ACBP=A9
 0004:0000000C 00000008 C=BSS      S=.bss     G=DGROUP   M=Windows  ACBP=A9
 0004:00000014 00000004 C=BSS      S=.bss     G=DGROUP   M=SimpleRSSConst ACBP=A9
 0004:00000018 00000004 C=BSS      S=.bss     G=DGROUP   M=iTunesTypes ACBP=A9
 0004:0000001C 00000014 C=BSS      S=.bss     G=DGROUP   M=SimpleRSSTypes ACBP=A9
 0004:00000030 00000004 C=BSS      S=.bss     G=DGROUP   M=SimpleParserBase ACBP=A9
 0004:00000034 00000004 C=BSS      S=.bss     G=DGROUP   M=SimpleParseriTunes ACBP=A9
 0004:00000038 00000004 C=BSS      S=.bss     G=DGROUP   M=SimpleParserAtom ACBP=A9
 0004:0000003C 00000004 C=BSS      S=.bss     G=DGROUP   M=SimpleParserRSS ACBP=A9
 0004:00000040 00000004 C=BSS      S=.bss     G=DGROUP   M=SimpleParserRDF ACBP=A9
 0004:00000044 00000004 C=BSS      S=.bss     G=DGROUP   M=SimpleRSS ACBP=A9
 0004:00000048 00000004 C=BSS      S=.bss     G=DGROUP   M=SimpleRSSUtils ACBP=A9


  Address             Publics by Name

 0002:00000164       .SimpleRSS_D2k6_Win32..SimpleRSS_D2k6_Win32
 0001:00033D28       .SimpleRSS_D2k6_Win32.@GetPackageInfoTable
 0001:00033D30       .SimpleRSS_D2k6_Win32.@PackageLoad
 0001:00033D3C       .SimpleRSS_D2k6_Win32.@PackageUnload
 0004:00000018       iTunesTypes..8
 0001:000021D4       iTunesTypes..TiTunesCategory
 0001:00002550       iTunesTypes..TiTunesChannelExtra
 0001:00002748       iTunesTypes..TiTunesDuration
 0001:00002864       iTunesTypes..TiTunesItemExtra
 0001:000023C0       iTunesTypes..TiTunesKeyword
 0001:0000249C       iTunesTypes..TiTunesKeywords
 0001:000022D0       iTunesTypes..TiTunesOwner
 0001:00002B60       iTunesTypes.BBC
 0001:0000334C       iTunesTypes.Finalization
 0001:00002B0C       iTunesTypes.GetKeywordsAsString
 0002:0000011C       iTunesTypes.iTunesTypes
 0001:00002A30       iTunesTypes.SetKeywordsFromString
 0001:00002BD4       iTunesTypes.TiTunesCategory.SetCategory
 0001:00002BB4       iTunesTypes.TiTunesCategory.SetSubCategory
 0001:00002E44       iTunesTypes.TiTunesChannelExtra.Create
 0001:00002EB8       iTunesTypes.TiTunesChannelExtra.Destroy
 0001:00002F98       iTunesTypes.TiTunesChannelExtra.GetKeywordsAsString
 0001:00002EF8       iTunesTypes.TiTunesChannelExtra.SetAuthor
 0001:00002E3C       iTunesTypes.TiTunesChannelExtra.SetBlock
 0001:00002E38       iTunesTypes.TiTunesChannelExtra.SetCategory
 0001:00002DC4       iTunesTypes.TiTunesChannelExtra.SetExplict
 0001:00002F0C       iTunesTypes.TiTunesChannelExtra.SetImage
 0001:00002E40       iTunesTypes.TiTunesChannelExtra.SetKeyWords
 0001:00002F4C       iTunesTypes.TiTunesChannelExtra.SetKeywordsFromString
 0001:00002DD0       iTunesTypes.TiTunesChannelExtra.SetOwner
 0001:00002DD4       iTunesTypes.TiTunesChannelExtra.SetSubtitle
 0001:00002DF4       iTunesTypes.TiTunesChannelExtra.SetSummary
 0001:00002F20       iTunesTypes.TiTunesChannelExtra.StrExplict
 0001:00002FB0       iTunesTypes.TiTunesDuration.GetDuration
 0001:00003080       iTunesTypes.TiTunesDuration.SetDuration
 0001:00003198       iTunesTypes.TiTunesDuration.SetHour
 0001:00003194       iTunesTypes.TiTunesDuration.SetMinute
 0001:00002FAC       iTunesTypes.TiTunesDuration.SetSecond
 0001:000031B4       iTunesTypes.TiTunesItemExtra.Create
 0001:0000327C       iTunesTypes.TiTunesItemExtra.Destroy
 0001:00003338       iTunesTypes.TiTunesItemExtra.GetKeywordsAsString
 0001:0000319C       iTunesTypes.TiTunesItemExtra.SetAuthor
 0001:00003278       iTunesTypes.TiTunesItemExtra.SetBlock
 0001:00003274       iTunesTypes.TiTunesItemExtra.SetCategory
 0001:000031B0       iTunesTypes.TiTunesItemExtra.SetDuration
 0001:00003220       iTunesTypes.TiTunesItemExtra.SetExplict
 0001:000032BC       iTunesTypes.TiTunesItemExtra.SetKeyWords
 0001:000032EC       iTunesTypes.TiTunesItemExtra.SetKeywordsFromString
 0001:00003224       iTunesTypes.TiTunesItemExtra.SetSubtitle
 0001:00003238       iTunesTypes.TiTunesItemExtra.SetSummary
 0001:000032C0       iTunesTypes.TiTunesItemExtra.StrExplict
 0001:00002D88       iTunesTypes.TiTunesKeywords.Add
 0001:00002D94       iTunesTypes.TiTunesKeywords.GetItem
 0001:00002C34       iTunesTypes.TiTunesKeywords.GetKeywords
 0001:00002DB0       iTunesTypes.TiTunesKeywords.Insert
 0001:00002DA8       iTunesTypes.TiTunesKeywords.SetItem
 0001:00002C88       iTunesTypes.TiTunesKeywords.SetKeyWords
 0001:00002C14       iTunesTypes.TiTunesOwner.SetEmailAddress
 0001:00002BF4       iTunesTypes.TiTunesOwner.SetName
 0004:00000038       SimpleParserAtom..2
 0001:00016B1C       SimpleParserAtom..TSimpleParserAtom
 0001:0001BCA4       SimpleParserAtom.Finalization
 0001:00016BC4       SimpleParserAtom.ParseChannelHeader
 0002:0000013C       SimpleParserAtom.SimpleParserAtom
 0001:00016BB8       SimpleParserAtom.TSimpleParserAtom.Generate
 0001:00017320       SimpleParserAtom.TSimpleParserAtom.Parse
 0004:00000030       SimpleParserBase..2
 0001:0000688C       SimpleParserBase..TSimpleParserBase
 0001:00006964       SimpleParserBase.Finalization
 0002:0000012C       SimpleParserBase.SimpleParserBase
 0001:00006928       SimpleParserBase.TSimpleParserBase.Create
 0004:00000034       SimpleParseriTunes..2
 0001:00006994       SimpleParseriTunes..TSimpleParseriTunes
 0001:00016AEC       SimpleParseriTunes.Finalization
 0002:00000134       SimpleParseriTunes.SimpleParseriTunes
 0001:00006A34       SimpleParseriTunes.TSimpleParseriTunes.Generate
 0001:0000ED7C       SimpleParseriTunes.TSimpleParseriTunes.Parse
 0004:00000040       SimpleParserRDF..2
 0001:00029390       SimpleParserRDF..TSimpleParserRDF
 0001:00030848       SimpleParserRDF.Finalization
 0002:0000014C       SimpleParserRDF.SimpleParserRDF
 0001:0002942C       SimpleParserRDF.TSimpleParserRDF.Generate
 0001:0002A66C       SimpleParserRDF.TSimpleParserRDF.Parse
 0004:0000003C       SimpleParserRSS..2
 0001:0001BCD4       SimpleParserRSS..TSimpleParserRSS
 0001:00029360       SimpleParserRSS.Finalization
 0002:00000144       SimpleParserRSS.SimpleParserRSS
 0001:0001BD70       SimpleParserRSS.TSimpleParserRSS.Generate
 0001:00023044       SimpleParserRSS.TSimpleParserRSS.Parse
 0004:00000044       SimpleRSS..2
 0001:00030878       SimpleRSS..TSimpleRSS
 0001:0003141C       SimpleRSS.Finalization
 0001:00030AA0       SimpleRSS.Register
 0002:00000154       SimpleRSS.SimpleRSS
 0001:00030AD0       SimpleRSS.TSimpleRSS.ClearXML
 0001:00030B08       SimpleRSS.TSimpleRSS.Create
 0001:00030BC0       SimpleRSS.TSimpleRSS.Destroy
 0001:00030C0C       SimpleRSS.TSimpleRSS.GenerateComponent
 0001:0003103C       SimpleRSS.TSimpleRSS.GenerateXML
 0001:00031048       SimpleRSS.TSimpleRSS.GenerateXML
 0001:000310D4       SimpleRSS.TSimpleRSS.GetSimpleRSSVersion
 0001:000310E8       SimpleRSS.TSimpleRSS.LoadFromFile
 0001:00031160       SimpleRSS.TSimpleRSS.LoadFromHTTP
 0001:0003124C       SimpleRSS.TSimpleRSS.LoadFromStream
 0001:00031270       SimpleRSS.TSimpleRSS.LoadFromString
 0001:000312C4       SimpleRSS.TSimpleRSS.LoadFromStrings
 0001:000312FC       SimpleRSS.TSimpleRSS.SaveToFile
 0001:00031370       SimpleRSS.TSimpleRSS.SaveToStream
 0001:0003138C       SimpleRSS.TSimpleRSS.SaveToString
 0001:000313AC       SimpleRSS.TSimpleRSS.SaveToStrings
 0001:000313C0       SimpleRSS.TSimpleRSS.SetChannel
 0001:000313C4       SimpleRSS.TSimpleRSS.SetIndyHTTP
 0001:000313C8       SimpleRSS.TSimpleRSS.SetItems
 0001:000313E0       SimpleRSS.TSimpleRSS.SetOnCreate
 0001:000313F4       SimpleRSS.TSimpleRSS.SetOnGenerateXML
 0001:000313CC       SimpleRSS.TSimpleRSS.SetOnParseXML
 0001:00031408       SimpleRSS.TSimpleRSS.SetVersion
 0004:00000014       SimpleRSSConst..1
 0003:00000384       SimpleRSSConst.attHREF
 0003:00000390       SimpleRSSConst.attMode
 0003:00000388       SimpleRSSConst.attNAME
 0003:0000038C       SimpleRSSConst.attURL
 0003:00000400       SimpleRSSConst.attValueBase64
 0003:0000040C       SimpleRSSConst.emRequireComponentMissing
 0003:00000408       SimpleRSSConst.emRequiredFieldMissing
 0001:000017E4       SimpleRSSConst.Finalization
 0003:000003BC       SimpleRSSConst.ituneNS
 0003:000003C0       SimpleRSSConst.ituneNSURL
 0003:000003C4       SimpleRSSConst.itunesAuthor
 0003:000003F0       SimpleRSSConst.itunesBlock
 0003:000003E0       SimpleRSSConst.itunesCategory
 0003:000003E8       SimpleRSSConst.itunesDuration
 0003:000003D8       SimpleRSSConst.itunesEmail
 0003:000003FC       SimpleRSSConst.itunesExplicit
 0003:000003DC       SimpleRSSConst.itunesImage
 0003:000003EC       SimpleRSSConst.itunesKeywords
 0003:000003D4       SimpleRSSConst.itunesName
 0003:000003F8       SimpleRSSConst.itunesNo
 0003:000003D0       SimpleRSSConst.itunesOwner
 0003:000003C8       SimpleRSSConst.itunesSubtitle
 0003:000003CC       SimpleRSSConst.itunesSummary
 0003:000003E4       SimpleRSSConst.itunesText
 0003:000003F4       SimpleRSSConst.itunesYes
 0003:000003A8       SimpleRSSConst.rdfeAbout
 0003:00000398       SimpleRSSConst.rdfeDate
 0003:000003B0       SimpleRSSConst.rdfeItems
 0003:000003B8       SimpleRSSConst.rdfeli
 0003:0000039C       SimpleRSSConst.rdfeRDF
 0003:000003A0       SimpleRSSConst.rdfeRDFNSUrl
 0003:00000394       SimpleRSSConst.rdfeRDFPrefix
 0003:000003AC       SimpleRSSConst.rdfeResource
 0003:000003B4       SimpleRSSConst.rdfeSeq
 0003:000003A4       SimpleRSSConst.rdfeXMLNSUrl
 0003:000002D0       SimpleRSSConst.reAuthor
 0003:000002BC       SimpleRSSConst.reCategory
 0003:000002B4       SimpleRSSConst.reChannel
 0003:00000314       SimpleRSSConst.reCloud
 0003:000002D4       SimpleRSSConst.reComments
 0003:00000368       SimpleRSSConst.reContent
 0003:0000036C       SimpleRSSConst.reContentEncoded
 0003:000002FC       SimpleRSSConst.reCopyright
 0003:00000348       SimpleRSSConst.reDay
 0003:000002C8       SimpleRSSConst.reDescription
 0003:00000310       SimpleRSSConst.reDocs
 0003:000002C0       SimpleRSSConst.reDomain
 0003:00000378       SimpleRSSConst.reEMail
 0003:000002D8       SimpleRSSConst.reEnclosure
 0003:00000364       SimpleRSSConst.reEntry
 0003:0000035C       SimpleRSSConst.reFormatAtom
 0003:00000354       SimpleRSSConst.reFormatRDF
 0003:00000358       SimpleRSSConst.reFormatRSS
 0003:00000360       SimpleRSSConst.reFormatUnkown
 0003:0000030C       SimpleRSSConst.reGenerator
 0003:000002E8       SimpleRSSConst.reGUID
 0003:00000380       SimpleRSSConst.reHead
 0003:00000330       SimpleRSSConst.reHeight
 0003:00000344       SimpleRSSConst.reHour
 0003:0000037C       SimpleRSSConst.reID
 0003:00000328       SimpleRSSConst.reImage
 0003:000002EC       SimpleRSSConst.reIsPermaLink
 0003:000002B8       SimpleRSSConst.reItem
 0003:000002F8       SimpleRSSConst.reLanguage
 0003:00000308       SimpleRSSConst.reLastBuildDate
 0003:000002E4       SimpleRSSConst.reLength
 0003:000002CC       SimpleRSSConst.reLink
 0003:00000300       SimpleRSSConst.reManagingEditor
 0003:00000374       SimpleRSSConst.reModified
 0003:00000350       SimpleRSSConst.reName
 0003:00000338       SimpleRSSConst.rePath
 0003:00000318       SimpleRSSConst.rePort
 0003:00000320       SimpleRSSConst.reProtocol
 0003:000002F0       SimpleRSSConst.rePubDate
 0003:00000334       SimpleRSSConst.reRating
 0003:0000031C       SimpleRSSConst.reRegisterProcedure
 0003:000002AC       SimpleRSSConst.reRSS
 0003:0000033C       SimpleRSSConst.reSkipDays
 0003:00000340       SimpleRSSConst.reSkipHours
 0003:000002F4       SimpleRSSConst.reSource
 0003:00000370       SimpleRSSConst.reTagline
 0003:0000034C       SimpleRSSConst.reTextInput
 0003:000002C4       SimpleRSSConst.reTitle
 0003:00000324       SimpleRSSConst.reTTL
 0003:000002E0       SimpleRSSConst.reType
 0003:000002DC       SimpleRSSConst.reURL
 0003:000002B0       SimpleRSSConst.reVersion
 0003:00000304       SimpleRSSConst.reWebmaster
 0003:0000032C       SimpleRSSConst.reWidth
 0002:00000114       SimpleRSSConst.SimpleRSSConst
 0003:00000078       SimpleRSSConst.str3April
 0003:00000088       SimpleRSSConst.str3August
 0003:00000098       SimpleRSSConst.str3December
 0003:00000070       SimpleRSSConst.str3Febuary
 0003:0000006C       SimpleRSSConst.str3January
 0003:00000084       SimpleRSSConst.str3July
 0003:00000080       SimpleRSSConst.str3June
 0003:00000074       SimpleRSSConst.str3March
 0003:0000007C       SimpleRSSConst.str3May
 0003:00000094       SimpleRSSConst.str3November
 0003:00000090       SimpleRSSConst.str3October
 0003:0000008C       SimpleRSSConst.str3September
 0003:00000044       SimpleRSSConst.strAdvert
 0003:00000050       SimpleRSSConst.strArrow
 0003:00000060       SimpleRSSConst.strDateFormat
 0003:00000118       SimpleRSSConst.strDescReq
 0003:00000034       SimpleRSSConst.strDocs
 0003:00000040       SimpleRSSConst.strFalse
 0003:000000AC       SimpleRSSConst.strFullFriday
 0003:0000009C       SimpleRSSConst.strFullMonday
 0003:000000B0       SimpleRSSConst.strFullSaturday
 0003:000000B4       SimpleRSSConst.strFullSunday
 0003:000000A8       SimpleRSSConst.strFullThursday
 0003:000000A0       SimpleRSSConst.strFullTuesday
 0003:000000A4       SimpleRSSConst.strFullWednesday
 0003:00000038       SimpleRSSConst.strGMT
 0003:00000404       SimpleRSSConst.strIdHTTPComponent
 0003:0000012C       SimpleRSSConst.strLangAF
 0003:00000138       SimpleRSSConst.strLangBE
 0003:0000013C       SimpleRSSConst.strLangBG
 0003:00000140       SimpleRSSConst.strLangCA
 0003:00000150       SimpleRSSConst.strLangCS
 0003:00000154       SimpleRSSConst.strLangDA
 0003:000001C8       SimpleRSSConst.strLangDE
 0003:000001CC       SimpleRSSConst.strLangDE_AT
 0003:000001DC       SimpleRSSConst.strLangDE_CH
 0003:000001D0       SimpleRSSConst.strLangDE_DE
 0003:000001D4       SimpleRSSConst.strLangDE_LI
 0003:000001D8       SimpleRSSConst.strLangDE_LU
 0003:000001E0       SimpleRSSConst.strLangEL
 0003:00000164       SimpleRSSConst.strLangEN
 0003:00000168       SimpleRSSConst.strLangEN_AU
 0003:0000016C       SimpleRSSConst.strLangEN_BZ
 0003:00000170       SimpleRSSConst.strLangEN_CA
 0003:0000018C       SimpleRSSConst.strLangEN_GB
 0003:00000174       SimpleRSSConst.strLangEN_IE
 0003:00000178       SimpleRSSConst.strLangEN_JM
 0003:0000017C       SimpleRSSConst.strLangEN_NZ
 0003:00000180       SimpleRSSConst.strLangEN_PH
 0003:00000188       SimpleRSSConst.strLangEN_TT
 0003:00000190       SimpleRSSConst.strLangEN_US
 0003:00000184       SimpleRSSConst.strLangEN_ZA
 0003:00000194       SimpleRSSConst.strLangEN_ZW
 0003:00000248       SimpleRSSConst.strLangES
 0003:0000024C       SimpleRSSConst.strLangES_AR
 0003:00000250       SimpleRSSConst.strLangES_BO
 0003:00000254       SimpleRSSConst.strLangES_CL
 0003:00000258       SimpleRSSConst.strLangES_CO
 0003:0000025C       SimpleRSSConst.strLangES_CR
 0003:00000260       SimpleRSSConst.strLangES_DO
 0003:00000264       SimpleRSSConst.strLangES_EC
 0003:0000028C       SimpleRSSConst.strLangES_ES
 0003:0000026C       SimpleRSSConst.strLangES_GT
 0003:00000270       SimpleRSSConst.strLangES_HN
 0003:00000274       SimpleRSSConst.strLangES_MX
 0003:00000278       SimpleRSSConst.strLangES_NI
 0003:0000027C       SimpleRSSConst.strLangES_PA
 0003:00000284       SimpleRSSConst.strLangES_PE
 0003:00000288       SimpleRSSConst.strLangES_PR
 0003:00000280       SimpleRSSConst.strLangES_PY
 0003:00000268       SimpleRSSConst.strLangES_SV
 0003:00000290       SimpleRSSConst.strLangES_UY
 0003:00000294       SimpleRSSConst.strLangES_VE
 0003:00000198       SimpleRSSConst.strLangET
 0003:00000134       SimpleRSSConst.strLangEU
 0003:000001A0       SimpleRSSConst.strLangFI
 0003:0000019C       SimpleRSSConst.strLangFO
 0003:000001A4       SimpleRSSConst.strLangFR
 0003:000001A8       SimpleRSSConst.strLangFR_BE
 0003:000001AC       SimpleRSSConst.strLangFR_CA
 0003:000001BC       SimpleRSSConst.strLangFR_CH
 0003:000001B0       SimpleRSSConst.strLangFR_FR
 0003:000001B4       SimpleRSSConst.strLangFR_LU
 0003:000001B8       SimpleRSSConst.strLangFR_MC
 0003:000001F4       SimpleRSSConst.strLangGA
 0003:000001C4       SimpleRSSConst.strLangGD
 0003:000001C0       SimpleRSSConst.strLangGL
 0003:000001E4       SimpleRSSConst.strLangHAW
 0003:0000014C       SimpleRSSConst.strLangHR
 0003:000001E8       SimpleRSSConst.strLangHU
 0003:000001F0       SimpleRSSConst.strLangIN
 0003:000001EC       SimpleRSSConst.strLangIS
 0003:000001F8       SimpleRSSConst.strLangIT
 0003:00000200       SimpleRSSConst.strLangIT_CH
 0003:000001FC       SimpleRSSConst.strLangIT_IT
 0003:00000204       SimpleRSSConst.strLangJA
 0003:00000208       SimpleRSSConst.strLangKO
 0003:0000020C       SimpleRSSConst.strLangMK
 0003:00000158       SimpleRSSConst.strLangNL
 0003:0000015C       SimpleRSSConst.strLangNL_BE
 0003:00000160       SimpleRSSConst.strLangNL_NL
 0003:00000210       SimpleRSSConst.strLangNO
 0003:00000214       SimpleRSSConst.strLangPL
 0003:00000218       SimpleRSSConst.strLangPT
 0003:0000021C       SimpleRSSConst.strLangPT_BR
 0003:00000220       SimpleRSSConst.strLangPT_PT
 0003:00000224       SimpleRSSConst.strLangRO
 0003:00000228       SimpleRSSConst.strLangRO_MO
 0003:0000022C       SimpleRSSConst.strLangRO_RP
 0003:00000230       SimpleRSSConst.strLangRU
 0003:00000234       SimpleRSSConst.strLangRU_MO
 0003:00000238       SimpleRSSConst.strLangRU_RU
 0003:00000240       SimpleRSSConst.strLangSK
 0003:00000244       SimpleRSSConst.strLangSL
 0003:00000130       SimpleRSSConst.strLangSQ
 0003:0000023C       SimpleRSSConst.strLangSR
 0003:00000298       SimpleRSSConst.strLangSV
 0003:0000029C       SimpleRSSConst.strLangSV_FI
 0003:000002A0       SimpleRSSConst.strLangSV_SE
 0003:000002A4       SimpleRSSConst.strLangTR
 0003:000002A8       SimpleRSSConst.strLangUK
 0003:00000144       SimpleRSSConst.strLangZH_CN
 0003:00000148       SimpleRSSConst.strLangZH_TW
 0003:0000011C       SimpleRSSConst.strLinkReq
 0003:00000068       SimpleRSSConst.strLongTimeFormat
 0003:000000B8       SimpleRSSConst.strNum0
 0003:000000BC       SimpleRSSConst.strNum1
 0003:000000E0       SimpleRSSConst.strNum10
 0003:000000E4       SimpleRSSConst.strNum11
 0003:000000E8       SimpleRSSConst.strNum12
 0003:000000EC       SimpleRSSConst.strNum13
 0003:000000F0       SimpleRSSConst.strNum14
 0003:000000F4       SimpleRSSConst.strNum15
 0003:000000F8       SimpleRSSConst.strNum16
 0003:000000FC       SimpleRSSConst.strNum17
 0003:00000100       SimpleRSSConst.strNum18
 0003:00000104       SimpleRSSConst.strNum19
 0003:000000C0       SimpleRSSConst.strNum2
 0003:00000108       SimpleRSSConst.strNum20
 0003:0000010C       SimpleRSSConst.strNum21
 0003:00000110       SimpleRSSConst.strNum22
 0003:00000114       SimpleRSSConst.strNum23
 0003:000000C4       SimpleRSSConst.strNum3
 0003:000000C8       SimpleRSSConst.strNum4
 0003:000000CC       SimpleRSSConst.strNum5
 0003:000000D0       SimpleRSSConst.strNum6
 0003:000000D4       SimpleRSSConst.strNum7
 0003:000000D8       SimpleRSSConst.strNum8
 0003:000000DC       SimpleRSSConst.strNum9
 0003:0000004C       SimpleRSSConst.strRSSLicenceAdvert
 0003:00000048       SimpleRSSConst.strRSSLicenceURL
 0003:00000128       SimpleRSSConst.strRSSVersion
 0003:00000064       SimpleRSSConst.strShortDateFormat
 0003:0000002C       SimpleRSSConst.strSimpleRSS
 0003:00000030       SimpleRSSConst.strSimpleRSSVersion
 0003:00000120       SimpleRSSConst.strTitleReq
 0003:0000003C       SimpleRSSConst.strTrue
 0003:00000124       SimpleRSSConst.strURLReq
 0003:00000054       SimpleRSSConst.strXMLHeader
 0003:0000005C       SimpleRSSConst.strXMLNS
 0003:00000058       SimpleRSSConst.strXMLVersion
 0004:0000001C       SimpleRSSTypes..32
 0001:0000337C       SimpleRSSTypes..ESimpleRSSException
 0001:00003860       SimpleRSSTypes..TRFC822DateTime
 0001:000050E4       SimpleRSSTypes..TRSSAuthor
 0001:00004A8C       SimpleRSSTypes..TRSSChannel
 0001:00004194       SimpleRSSTypes..TRSSChannelCategories
 0001:00004080       SimpleRSSTypes..TRSSChannelCategory
 0001:00004760       SimpleRSSTypes..TRSSChannelOpt
 0001:00003954       SimpleRSSTypes..TRSSChannelReq
 0001:000045D0       SimpleRSSTypes..TRSSChannelSkipDays
 0001:00004258       SimpleRSSTypes..TRSSChannelSkipHours
 0001:00003D88       SimpleRSSTypes..TRSSCloud
 0001:00003C90       SimpleRSSTypes..TRSSImage
 0001:00003B84       SimpleRSSTypes..TRSSImageOpt
 0001:00003A70       SimpleRSSTypes..TRSSImageReq
 0001:000051F4       SimpleRSSTypes..TRSSItem
 0001:00004F1C       SimpleRSSTypes..TRSSItemCategories
 0001:00004E10       SimpleRSSTypes..TRSSItemCategory
 0001:00004CD0       SimpleRSSTypes..TRSSItemEnclosure
 0001:00004FD8       SimpleRSSTypes..TRSSItemGUID
 0001:00005458       SimpleRSSTypes..TRSSItems
 0001:00004BBC       SimpleRSSTypes..TRSSItemSource
 0001:00003F10       SimpleRSSTypes..TRSSTextInput
 0001:0000684C       SimpleRSSTypes.Finalization
 0004:00000020       SimpleRSSTypes.FormatSettings
 0002:00000124       SimpleRSSTypes.SimpleRSSTypes
 0001:0000640C       SimpleRSSTypes.TRFC822DateTime.Changed
 0001:00006414       SimpleRSSTypes.TRFC822DateTime.Create
 0001:00006468       SimpleRSSTypes.TRFC822DateTime.GetDateTime
 0001:000067E4       SimpleRSSTypes.TRFC822DateTime.LastSpace
 0001:00006730       SimpleRSSTypes.TRFC822DateTime.LoadDateTime
 0001:00006504       SimpleRSSTypes.TRFC822DateTime.LoadDCDateTime
 0001:000064DC       SimpleRSSTypes.TRFC822DateTime.SetDateTime
 0001:000067C0       SimpleRSSTypes.TRFC822DateTime.SetTimeZone
 0001:000059B8       SimpleRSSTypes.TRSSChannel.Create
 0001:00005A58       SimpleRSSTypes.TRSSChannel.Destroy
 0001:00005A98       SimpleRSSTypes.TRSSChannel.SetAboutURL
 0001:00005AAC       SimpleRSSTypes.TRSSChannel.SetiTunes
 0001:00005AB0       SimpleRSSTypes.TRSSChannel.SetOptional
 0001:00005AB4       SimpleRSSTypes.TRSSChannel.SetOwner
 0001:00005AB8       SimpleRSSTypes.TRSSChannel.SetRequired
 0001:00006318       SimpleRSSTypes.TRSSChannelCategories.Add
 0001:00006324       SimpleRSSTypes.TRSSChannelCategories.GetItem
 0001:00006338       SimpleRSSTypes.TRSSChannelCategories.Insert
 0001:0000634C       SimpleRSSTypes.TRSSChannelCategories.SetItem
 0001:00006290       SimpleRSSTypes.TRSSChannelCategory.Create
 0001:000062CC       SimpleRSSTypes.TRSSChannelCategory.DomainChanged
 0001:000062D4       SimpleRSSTypes.TRSSChannelCategory.SetCategory
 0001:000062E8       SimpleRSSTypes.TRSSChannelCategory.SetDomain
 0001:00005544       SimpleRSSTypes.TRSSChannelOpt.CopyrightChanged
 0001:0000554C       SimpleRSSTypes.TRSSChannelOpt.Create
 0001:00005660       SimpleRSSTypes.TRSSChannelOpt.Destroy
 0001:000056C8       SimpleRSSTypes.TRSSChannelOpt.GeneratorChanged
 0001:000056D0       SimpleRSSTypes.TRSSChannelOpt.ManagingEditorChanged
 0001:000056D8       SimpleRSSTypes.TRSSChannelOpt.RatingChanged
 0001:000056E0       SimpleRSSTypes.TRSSChannelOpt.SetCategories
 0001:000056E4       SimpleRSSTypes.TRSSChannelOpt.SetCopyright
 0001:00005714       SimpleRSSTypes.TRSSChannelOpt.SetCould
 0001:00005718       SimpleRSSTypes.TRSSChannelOpt.SetDocs
 0001:0000572C       SimpleRSSTypes.TRSSChannelOpt.SetGenerator
 0001:0000575C       SimpleRSSTypes.TRSSChannelOpt.SetImage
 0001:00005760       SimpleRSSTypes.TRSSChannelOpt.SetLanguage
 0001:0000576C       SimpleRSSTypes.TRSSChannelOpt.SetLastBuildDate
 0001:00005770       SimpleRSSTypes.TRSSChannelOpt.SetManagingEditor
 0001:000057A0       SimpleRSSTypes.TRSSChannelOpt.SetOwner
 0001:000057A4       SimpleRSSTypes.TRSSChannelOpt.SetPubDate
 0001:000057A8       SimpleRSSTypes.TRSSChannelOpt.SetRating
 0001:000057D8       SimpleRSSTypes.TRSSChannelOpt.SetSkipDays
 0001:000057DC       SimpleRSSTypes.TRSSChannelOpt.SetSkipHours
 0001:000057E0       SimpleRSSTypes.TRSSChannelOpt.SetTextInput
 0001:000057E4       SimpleRSSTypes.TRSSChannelOpt.SetTTL
 0001:000057FC       SimpleRSSTypes.TRSSChannelOpt.SetWebMaster
 0001:00006228       SimpleRSSTypes.TRSSChannelOpt.SetXLang
 0001:0000623C       SimpleRSSTypes.TRSSChannelOpt.TTLChanged
 0001:00006244       SimpleRSSTypes.TRSSChannelOpt.WebMasterChanged
 0001:0000582C       SimpleRSSTypes.TRSSChannelReq.GetDesc
 0001:0000589C       SimpleRSSTypes.TRSSChannelReq.GetLink
 0001:0000590C       SimpleRSSTypes.TRSSChannelReq.GetTitle
 0001:0000597C       SimpleRSSTypes.TRSSChannelReq.SetDesc
 0001:00005990       SimpleRSSTypes.TRSSChannelReq.SetLink
 0001:000059A4       SimpleRSSTypes.TRSSChannelReq.SetTitle
 0001:000063F0       SimpleRSSTypes.TRSSChannelSkipDays.SetFriday
 0001:000063F4       SimpleRSSTypes.TRSSChannelSkipDays.SetMonday
 0001:000063F8       SimpleRSSTypes.TRSSChannelSkipDays.SetSaturday
 0001:000063FC       SimpleRSSTypes.TRSSChannelSkipDays.SetSunday
 0001:00006400       SimpleRSSTypes.TRSSChannelSkipDays.SetThursday
 0001:00006404       SimpleRSSTypes.TRSSChannelSkipDays.SetTuesday
 0001:00006408       SimpleRSSTypes.TRSSChannelSkipDays.SetWednesday
 0001:00006390       SimpleRSSTypes.TRSSChannelSkipHours.Set01
 0001:00006394       SimpleRSSTypes.TRSSChannelSkipHours.Set02
 0001:00006398       SimpleRSSTypes.TRSSChannelSkipHours.Set03
 0001:0000639C       SimpleRSSTypes.TRSSChannelSkipHours.Set04
 0001:000063A0       SimpleRSSTypes.TRSSChannelSkipHours.Set05
 0001:000063A4       SimpleRSSTypes.TRSSChannelSkipHours.Set06
 0001:000063A8       SimpleRSSTypes.TRSSChannelSkipHours.Set07
 0001:000063AC       SimpleRSSTypes.TRSSChannelSkipHours.Set08
 0001:000063B0       SimpleRSSTypes.TRSSChannelSkipHours.Set09
 0001:000063B4       SimpleRSSTypes.TRSSChannelSkipHours.Set10
 0001:000063B8       SimpleRSSTypes.TRSSChannelSkipHours.Set11
 0001:000063BC       SimpleRSSTypes.TRSSChannelSkipHours.Set12
 0001:000063C0       SimpleRSSTypes.TRSSChannelSkipHours.Set13
 0001:000063C4       SimpleRSSTypes.TRSSChannelSkipHours.Set14
 0001:000063C8       SimpleRSSTypes.TRSSChannelSkipHours.Set15
 0001:000063CC       SimpleRSSTypes.TRSSChannelSkipHours.Set16
 0001:000063D0       SimpleRSSTypes.TRSSChannelSkipHours.Set17
 0001:000063D4       SimpleRSSTypes.TRSSChannelSkipHours.Set18
 0001:000063D8       SimpleRSSTypes.TRSSChannelSkipHours.Set19
 0001:000063DC       SimpleRSSTypes.TRSSChannelSkipHours.Set20
 0001:000063E0       SimpleRSSTypes.TRSSChannelSkipHours.Set21
 0001:000063E4       SimpleRSSTypes.TRSSChannelSkipHours.Set22
 0001:000063E8       SimpleRSSTypes.TRSSChannelSkipHours.Set23
 0001:000063EC       SimpleRSSTypes.TRSSChannelSkipHours.Set24
 0001:00005DD8       SimpleRSSTypes.TRSSCloud.SetDomain
 0001:00005DEC       SimpleRSSTypes.TRSSCloud.SetInclude
 0001:00005DF0       SimpleRSSTypes.TRSSCloud.SetPath
 0001:00005E04       SimpleRSSTypes.TRSSCloud.SetPort
 0001:00005E18       SimpleRSSTypes.TRSSCloud.SetProtocol
 0001:00005E2C       SimpleRSSTypes.TRSSCloud.SetRegisterProcedure
 0001:00005D3C       SimpleRSSTypes.TRSSImage.Create
 0001:00005D94       SimpleRSSTypes.TRSSImage.Destroy
 0001:00005DCC       SimpleRSSTypes.TRSSImage.SetInclude
 0001:00005DD0       SimpleRSSTypes.TRSSImage.SetOptional
 0001:00005DD4       SimpleRSSTypes.TRSSImage.SetRequired
 0001:00005C48       SimpleRSSTypes.TRSSImageOpt.Create
 0001:00005C8C       SimpleRSSTypes.TRSSImageOpt.DescriptionChanged
 0001:00005C94       SimpleRSSTypes.TRSSImageOpt.HeightChanged
 0001:00005C9C       SimpleRSSTypes.TRSSImageOpt.SetDescription
 0001:00005CCC       SimpleRSSTypes.TRSSImageOpt.SetHeight
 0001:00005D00       SimpleRSSTypes.TRSSImageOpt.SetWidth
 0001:00005D34       SimpleRSSTypes.TRSSImageOpt.WidthChanged
 0001:00005ABC       SimpleRSSTypes.TRSSImageReq.GetLink
 0001:00005B2C       SimpleRSSTypes.TRSSImageReq.GetTitle
 0001:00005B9C       SimpleRSSTypes.TRSSImageReq.GetURL
 0001:00005C0C       SimpleRSSTypes.TRSSImageReq.SetLink
 0001:00005C20       SimpleRSSTypes.TRSSImageReq.SetTitle
 0001:00005C34       SimpleRSSTypes.TRSSImageReq.SetURL
 0001:00006074       SimpleRSSTypes.TRSSItem.AuthorChanged
 0001:0000607C       SimpleRSSTypes.TRSSItem.CommentsChanged
 0001:00006084       SimpleRSSTypes.TRSSItem.Create
 0001:00006140       SimpleRSSTypes.TRSSItem.DescriptionChanged
 0001:00006148       SimpleRSSTypes.TRSSItem.LinkChanged
 0001:00006150       SimpleRSSTypes.TRSSItem.SetCategories
 0001:00006154       SimpleRSSTypes.TRSSItem.SetComments
 0001:00006184       SimpleRSSTypes.TRSSItem.SetDescription
 0001:000061B4       SimpleRSSTypes.TRSSItem.SetEnclosure
 0001:000061B8       SimpleRSSTypes.TRSSItem.SetGUID
 0001:000061BC       SimpleRSSTypes.TRSSItem.SetiTunes
 0001:000061C0       SimpleRSSTypes.TRSSItem.SetLink
 0001:000061F0       SimpleRSSTypes.TRSSItem.SetPubDate
 0001:000061F4       SimpleRSSTypes.TRSSItem.SetSource
 0001:000061F8       SimpleRSSTypes.TRSSItem.SetTitle
 0001:0000624C       SimpleRSSTypes.TRSSItem.TitleChanged
 0001:00006254       SimpleRSSTypes.TRSSItemCategories.Add
 0001:00006260       SimpleRSSTypes.TRSSItemCategories.GetItem
 0001:00006274       SimpleRSSTypes.TRSSItemCategories.Insert
 0001:00006288       SimpleRSSTypes.TRSSItemCategories.SetItem
 0001:00005F34       SimpleRSSTypes.TRSSItemCategory.Create
 0001:00005F70       SimpleRSSTypes.TRSSItemCategory.DomainChanged
 0001:00005F78       SimpleRSSTypes.TRSSItemCategory.SetDomain
 0001:00005FA8       SimpleRSSTypes.TRSSItemCategory.SetTitle
 0001:00005F04       SimpleRSSTypes.TRSSItemEnclosure.SetEnclosureType
 0001:00005F18       SimpleRSSTypes.TRSSItemEnclosure.SetInclude
 0001:00005F1C       SimpleRSSTypes.TRSSItemEnclosure.SetLength
 0001:00005F20       SimpleRSSTypes.TRSSItemEnclosure.SetURL
 0001:00005FBC       SimpleRSSTypes.TRSSItemGUID.Create
 0001:00006050       SimpleRSSTypes.TRSSItemGUID.SetGUID
 0001:00006064       SimpleRSSTypes.TRSSItemGUID.SetInclude
 0001:00006068       SimpleRSSTypes.TRSSItemGUID.SetIsPermaLink
 0001:00006354       SimpleRSSTypes.TRSSItems.Add
 0001:00006360       SimpleRSSTypes.TRSSItems.GetItem
 0001:00006374       SimpleRSSTypes.TRSSItems.Insert
 0001:00006388       SimpleRSSTypes.TRSSItems.SetItem
 0001:00005E94       SimpleRSSTypes.TRSSItemSource.Create
 0001:00005ECC       SimpleRSSTypes.TRSSItemSource.SetInclude
 0001:00005ED0       SimpleRSSTypes.TRSSItemSource.SetTitle
 0001:00005EE4       SimpleRSSTypes.TRSSItemSource.SetURL
 0001:00005E40       SimpleRSSTypes.TRSSTextInput.SetDescription
 0001:00005E54       SimpleRSSTypes.TRSSTextInput.SetInclude
 0001:00005E58       SimpleRSSTypes.TRSSTextInput.SetLink
 0001:00005E6C       SimpleRSSTypes.TRSSTextInput.SetTextInputName
 0001:00005E80       SimpleRSSTypes.TRSSTextInput.SetTitle
 0004:00000048       SimpleRSSUtils..1
 0001:000323A0       SimpleRSSUtils.DecodeString
 0001:000339E8       SimpleRSSUtils.Finalization
 0001:000334E4       SimpleRSSUtils.GetSkipDays
 0001:00032458       SimpleRSSUtils.GetSkipHours
 0001:00031C10       SimpleRSSUtils.LanguageToString
 0002:0000015C       SimpleRSSUtils.SimpleRSSUtils
 0001:0003144C       SimpleRSSUtils.StringToLanguage
 0001:000002C8       SysInit.@InitPkg
 0001:0000032C       SysInit.@PackageLoad
 0001:00000338       SysInit.@PackageUnload
 0001:000001B8       SysInit.AllocTlsBuffer
 0001:00000274       SysInit.ExitProcessTLS
 0001:0000023C       SysInit.ExitThreadTLS
 0001:00000180       SysInit.FreeLibrary
 0001:000001C4       SysInit.GetTlsSize
 0004:00000004       SysInit.HInstance
 0001:00000298       SysInit.InitializeModule
 0001:00000210       SysInit.InitProcessTLS
 0001:000001CC       SysInit.InitThreadTLS
 0001:00000188       SysInit.LocalAlloc
 0001:00000190       SysInit.LocalFree
 0003:00000004       SysInit.Module
 0004:00000000       SysInit.ModuleIsLib
 0004:00000001       SysInit.ModuleIsPackage
 0001:00000198       SysInit.TlsAlloc
 0004:00000008       SysInit.tlsBuffer
 0001:000001A0       SysInit.TlsFree
 0001:000001A8       SysInit.TlsGetValue
 0003:00000000       SysInit.TlsIndex
 0005:00000000       SysInit.TlsLast
 0003:0000001C       SysInit.TlsProc
 0001:000001B0       SysInit.TlsSetValue
 0001:000002A4       SysInit.UninitializeModule
 0004:0000000C       Windows..3
 0001:000004B4       Windows.Finalization
 0001:000004AC       Windows.FreeLibrary
 0004:00000010       Windows.HtmlHelpModule
 0002:00000020       Windows.Windows


  Address             Publics by Value

 0001:00000180       SysInit.FreeLibrary
 0001:00000188       SysInit.LocalAlloc
 0001:00000190       SysInit.LocalFree
 0001:00000198       SysInit.TlsAlloc
 0001:000001A0       SysInit.TlsFree
 0001:000001A8       SysInit.TlsGetValue
 0001:000001B0       SysInit.TlsSetValue
 0001:000001B8       SysInit.AllocTlsBuffer
 0001:000001C4       SysInit.GetTlsSize
 0001:000001CC       SysInit.InitThreadTLS
 0001:00000210       SysInit.InitProcessTLS
 0001:0000023C       SysInit.ExitThreadTLS
 0001:00000274       SysInit.ExitProcessTLS
 0001:00000298       SysInit.InitializeModule
 0001:000002A4       SysInit.UninitializeModule
 0001:000002C8       SysInit.@InitPkg
 0001:0000032C       SysInit.@PackageLoad
 0001:00000338       SysInit.@PackageUnload
 0001:000004AC       Windows.FreeLibrary
 0001:000004B4       Windows.Finalization
 0001:000017E4       SimpleRSSConst.Finalization
 0001:000021D4       iTunesTypes..TiTunesCategory
 0001:000022D0       iTunesTypes..TiTunesOwner
 0001:000023C0       iTunesTypes..TiTunesKeyword
 0001:0000249C       iTunesTypes..TiTunesKeywords
 0001:00002550       iTunesTypes..TiTunesChannelExtra
 0001:00002748       iTunesTypes..TiTunesDuration
 0001:00002864       iTunesTypes..TiTunesItemExtra
 0001:00002A30       iTunesTypes.SetKeywordsFromString
 0001:00002B0C       iTunesTypes.GetKeywordsAsString
 0001:00002B60       iTunesTypes.BBC
 0001:00002BB4       iTunesTypes.TiTunesCategory.SetSubCategory
 0001:00002BD4       iTunesTypes.TiTunesCategory.SetCategory
 0001:00002BF4       iTunesTypes.TiTunesOwner.SetName
 0001:00002C14       iTunesTypes.TiTunesOwner.SetEmailAddress
 0001:00002C34       iTunesTypes.TiTunesKeywords.GetKeywords
 0001:00002C88       iTunesTypes.TiTunesKeywords.SetKeyWords
 0001:00002D88       iTunesTypes.TiTunesKeywords.Add
 0001:00002D94       iTunesTypes.TiTunesKeywords.GetItem
 0001:00002DA8       iTunesTypes.TiTunesKeywords.SetItem
 0001:00002DB0       iTunesTypes.TiTunesKeywords.Insert
 0001:00002DC4       iTunesTypes.TiTunesChannelExtra.SetExplict
 0001:00002DD0       iTunesTypes.TiTunesChannelExtra.SetOwner
 0001:00002DD4       iTunesTypes.TiTunesChannelExtra.SetSubtitle
 0001:00002DF4       iTunesTypes.TiTunesChannelExtra.SetSummary
 0001:00002E38       iTunesTypes.TiTunesChannelExtra.SetCategory
 0001:00002E3C       iTunesTypes.TiTunesChannelExtra.SetBlock
 0001:00002E40       iTunesTypes.TiTunesChannelExtra.SetKeyWords
 0001:00002E44       iTunesTypes.TiTunesChannelExtra.Create
 0001:00002EB8       iTunesTypes.TiTunesChannelExtra.Destroy
 0001:00002EF8       iTunesTypes.TiTunesChannelExtra.SetAuthor
 0001:00002F0C       iTunesTypes.TiTunesChannelExtra.SetImage
 0001:00002F20       iTunesTypes.TiTunesChannelExtra.StrExplict
 0001:00002F4C       iTunesTypes.TiTunesChannelExtra.SetKeywordsFromString
 0001:00002F98       iTunesTypes.TiTunesChannelExtra.GetKeywordsAsString
 0001:00002FAC       iTunesTypes.TiTunesDuration.SetSecond
 0001:00002FB0       iTunesTypes.TiTunesDuration.GetDuration
 0001:00003080       iTunesTypes.TiTunesDuration.SetDuration
 0001:00003194       iTunesTypes.TiTunesDuration.SetMinute
 0001:00003198       iTunesTypes.TiTunesDuration.SetHour
 0001:0000319C       iTunesTypes.TiTunesItemExtra.SetAuthor
 0001:000031B0       iTunesTypes.TiTunesItemExtra.SetDuration
 0001:000031B4       iTunesTypes.TiTunesItemExtra.Create
 0001:00003220       iTunesTypes.TiTunesItemExtra.SetExplict
 0001:00003224       iTunesTypes.TiTunesItemExtra.SetSubtitle
 0001:00003238       iTunesTypes.TiTunesItemExtra.SetSummary
 0001:00003274       iTunesTypes.TiTunesItemExtra.SetCategory
 0001:00003278       iTunesTypes.TiTunesItemExtra.SetBlock
 0001:0000327C       iTunesTypes.TiTunesItemExtra.Destroy
 0001:000032BC       iTunesTypes.TiTunesItemExtra.SetKeyWords
 0001:000032C0       iTunesTypes.TiTunesItemExtra.StrExplict
 0001:000032EC       iTunesTypes.TiTunesItemExtra.SetKeywordsFromString
 0001:00003338       iTunesTypes.TiTunesItemExtra.GetKeywordsAsString
 0001:0000334C       iTunesTypes.Finalization
 0001:0000337C       SimpleRSSTypes..ESimpleRSSException
 0001:00003860       SimpleRSSTypes..TRFC822DateTime
 0001:00003954       SimpleRSSTypes..TRSSChannelReq
 0001:00003A70       SimpleRSSTypes..TRSSImageReq
 0001:00003B84       SimpleRSSTypes..TRSSImageOpt
 0001:00003C90       SimpleRSSTypes..TRSSImage
 0001:00003D88       SimpleRSSTypes..TRSSCloud
 0001:00003F10       SimpleRSSTypes..TRSSTextInput
 0001:00004080       SimpleRSSTypes..TRSSChannelCategory
 0001:00004194       SimpleRSSTypes..TRSSChannelCategories
 0001:00004258       SimpleRSSTypes..TRSSChannelSkipHours
 0001:000045D0       SimpleRSSTypes..TRSSChannelSkipDays
 0001:00004760       SimpleRSSTypes..TRSSChannelOpt
 0001:00004A8C       SimpleRSSTypes..TRSSChannel
 0001:00004BBC       SimpleRSSTypes..TRSSItemSource
 0001:00004CD0       SimpleRSSTypes..TRSSItemEnclosure
 0001:00004E10       SimpleRSSTypes..TRSSItemCategory
 0001:00004F1C       SimpleRSSTypes..TRSSItemCategories
 0001:00004FD8       SimpleRSSTypes..TRSSItemGUID
 0001:000050E4       SimpleRSSTypes..TRSSAuthor
 0001:000051F4       SimpleRSSTypes..TRSSItem
 0001:00005458       SimpleRSSTypes..TRSSItems
 0001:00005544       SimpleRSSTypes.TRSSChannelOpt.CopyrightChanged
 0001:0000554C       SimpleRSSTypes.TRSSChannelOpt.Create
 0001:00005660       SimpleRSSTypes.TRSSChannelOpt.Destroy
 0001:000056C8       SimpleRSSTypes.TRSSChannelOpt.GeneratorChanged
 0001:000056D0       SimpleRSSTypes.TRSSChannelOpt.ManagingEditorChanged
 0001:000056D8       SimpleRSSTypes.TRSSChannelOpt.RatingChanged
 0001:000056E0       SimpleRSSTypes.TRSSChannelOpt.SetCategories
 0001:000056E4       SimpleRSSTypes.TRSSChannelOpt.SetCopyright
 0001:00005714       SimpleRSSTypes.TRSSChannelOpt.SetCould
 0001:00005718       SimpleRSSTypes.TRSSChannelOpt.SetDocs
 0001:0000572C       SimpleRSSTypes.TRSSChannelOpt.SetGenerator
 0001:0000575C       SimpleRSSTypes.TRSSChannelOpt.SetImage
 0001:00005760       SimpleRSSTypes.TRSSChannelOpt.SetLanguage
 0001:0000576C       SimpleRSSTypes.TRSSChannelOpt.SetLastBuildDate
 0001:00005770       SimpleRSSTypes.TRSSChannelOpt.SetManagingEditor
 0001:000057A0       SimpleRSSTypes.TRSSChannelOpt.SetOwner
 0001:000057A4       SimpleRSSTypes.TRSSChannelOpt.SetPubDate
 0001:000057A8       SimpleRSSTypes.TRSSChannelOpt.SetRating
 0001:000057D8       SimpleRSSTypes.TRSSChannelOpt.SetSkipDays
 0001:000057DC       SimpleRSSTypes.TRSSChannelOpt.SetSkipHours
 0001:000057E0       SimpleRSSTypes.TRSSChannelOpt.SetTextInput
 0001:000057E4       SimpleRSSTypes.TRSSChannelOpt.SetTTL
 0001:000057FC       SimpleRSSTypes.TRSSChannelOpt.SetWebMaster
 0001:0000582C       SimpleRSSTypes.TRSSChannelReq.GetDesc
 0001:0000589C       SimpleRSSTypes.TRSSChannelReq.GetLink
 0001:0000590C       SimpleRSSTypes.TRSSChannelReq.GetTitle
 0001:0000597C       SimpleRSSTypes.TRSSChannelReq.SetDesc
 0001:00005990       SimpleRSSTypes.TRSSChannelReq.SetLink
 0001:000059A4       SimpleRSSTypes.TRSSChannelReq.SetTitle
 0001:000059B8       SimpleRSSTypes.TRSSChannel.Create
 0001:00005A58       SimpleRSSTypes.TRSSChannel.Destroy
 0001:00005A98       SimpleRSSTypes.TRSSChannel.SetAboutURL
 0001:00005AAC       SimpleRSSTypes.TRSSChannel.SetiTunes
 0001:00005AB0       SimpleRSSTypes.TRSSChannel.SetOptional
 0001:00005AB4       SimpleRSSTypes.TRSSChannel.SetOwner
 0001:00005AB8       SimpleRSSTypes.TRSSChannel.SetRequired
 0001:00005ABC       SimpleRSSTypes.TRSSImageReq.GetLink
 0001:00005B2C       SimpleRSSTypes.TRSSImageReq.GetTitle
 0001:00005B9C       SimpleRSSTypes.TRSSImageReq.GetURL
 0001:00005C0C       SimpleRSSTypes.TRSSImageReq.SetLink
 0001:00005C20       SimpleRSSTypes.TRSSImageReq.SetTitle
 0001:00005C34       SimpleRSSTypes.TRSSImageReq.SetURL
 0001:00005C48       SimpleRSSTypes.TRSSImageOpt.Create
 0001:00005C8C       SimpleRSSTypes.TRSSImageOpt.DescriptionChanged
 0001:00005C94       SimpleRSSTypes.TRSSImageOpt.HeightChanged
 0001:00005C9C       SimpleRSSTypes.TRSSImageOpt.SetDescription
 0001:00005CCC       SimpleRSSTypes.TRSSImageOpt.SetHeight
 0001:00005D00       SimpleRSSTypes.TRSSImageOpt.SetWidth
 0001:00005D34       SimpleRSSTypes.TRSSImageOpt.WidthChanged
 0001:00005D3C       SimpleRSSTypes.TRSSImage.Create
 0001:00005D94       SimpleRSSTypes.TRSSImage.Destroy
 0001:00005DCC       SimpleRSSTypes.TRSSImage.SetInclude
 0001:00005DD0       SimpleRSSTypes.TRSSImage.SetOptional
 0001:00005DD4       SimpleRSSTypes.TRSSImage.SetRequired
 0001:00005DD8       SimpleRSSTypes.TRSSCloud.SetDomain
 0001:00005DEC       SimpleRSSTypes.TRSSCloud.SetInclude
 0001:00005DF0       SimpleRSSTypes.TRSSCloud.SetPath
 0001:00005E04       SimpleRSSTypes.TRSSCloud.SetPort
 0001:00005E18       SimpleRSSTypes.TRSSCloud.SetProtocol
 0001:00005E2C       SimpleRSSTypes.TRSSCloud.SetRegisterProcedure
 0001:00005E40       SimpleRSSTypes.TRSSTextInput.SetDescription
 0001:00005E54       SimpleRSSTypes.TRSSTextInput.SetInclude
 0001:00005E58       SimpleRSSTypes.TRSSTextInput.SetLink
 0001:00005E6C       SimpleRSSTypes.TRSSTextInput.SetTextInputName
 0001:00005E80       SimpleRSSTypes.TRSSTextInput.SetTitle
 0001:00005E94       SimpleRSSTypes.TRSSItemSource.Create
 0001:00005ECC       SimpleRSSTypes.TRSSItemSource.SetInclude
 0001:00005ED0       SimpleRSSTypes.TRSSItemSource.SetTitle
 0001:00005EE4       SimpleRSSTypes.TRSSItemSource.SetURL
 0001:00005F04       SimpleRSSTypes.TRSSItemEnclosure.SetEnclosureType
 0001:00005F18       SimpleRSSTypes.TRSSItemEnclosure.SetInclude
 0001:00005F1C       SimpleRSSTypes.TRSSItemEnclosure.SetLength
 0001:00005F20       SimpleRSSTypes.TRSSItemEnclosure.SetURL
 0001:00005F34       SimpleRSSTypes.TRSSItemCategory.Create
 0001:00005F70       SimpleRSSTypes.TRSSItemCategory.DomainChanged
 0001:00005F78       SimpleRSSTypes.TRSSItemCategory.SetDomain
 0001:00005FA8       SimpleRSSTypes.TRSSItemCategory.SetTitle
 0001:00005FBC       SimpleRSSTypes.TRSSItemGUID.Create
 0001:00006050       SimpleRSSTypes.TRSSItemGUID.SetGUID
 0001:00006064       SimpleRSSTypes.TRSSItemGUID.SetInclude
 0001:00006068       SimpleRSSTypes.TRSSItemGUID.SetIsPermaLink
 0001:00006074       SimpleRSSTypes.TRSSItem.AuthorChanged
 0001:0000607C       SimpleRSSTypes.TRSSItem.CommentsChanged
 0001:00006084       SimpleRSSTypes.TRSSItem.Create
 0001:00006140       SimpleRSSTypes.TRSSItem.DescriptionChanged
 0001:00006148       SimpleRSSTypes.TRSSItem.LinkChanged
 0001:00006150       SimpleRSSTypes.TRSSItem.SetCategories
 0001:00006154       SimpleRSSTypes.TRSSItem.SetComments
 0001:00006184       SimpleRSSTypes.TRSSItem.SetDescription
 0001:000061B4       SimpleRSSTypes.TRSSItem.SetEnclosure
 0001:000061B8       SimpleRSSTypes.TRSSItem.SetGUID
 0001:000061BC       SimpleRSSTypes.TRSSItem.SetiTunes
 0001:000061C0       SimpleRSSTypes.TRSSItem.SetLink
 0001:000061F0       SimpleRSSTypes.TRSSItem.SetPubDate
 0001:000061F4       SimpleRSSTypes.TRSSItem.SetSource
 0001:000061F8       SimpleRSSTypes.TRSSItem.SetTitle
 0001:00006228       SimpleRSSTypes.TRSSChannelOpt.SetXLang
 0001:0000623C       SimpleRSSTypes.TRSSChannelOpt.TTLChanged
 0001:00006244       SimpleRSSTypes.TRSSChannelOpt.WebMasterChanged
 0001:0000624C       SimpleRSSTypes.TRSSItem.TitleChanged
 0001:00006254       SimpleRSSTypes.TRSSItemCategories.Add
 0001:00006260       SimpleRSSTypes.TRSSItemCategories.GetItem
 0001:00006274       SimpleRSSTypes.TRSSItemCategories.Insert
 0001:00006288       SimpleRSSTypes.TRSSItemCategories.SetItem
 0001:00006290       SimpleRSSTypes.TRSSChannelCategory.Create
 0001:000062CC       SimpleRSSTypes.TRSSChannelCategory.DomainChanged
 0001:000062D4       SimpleRSSTypes.TRSSChannelCategory.SetCategory
 0001:000062E8       SimpleRSSTypes.TRSSChannelCategory.SetDomain
 0001:00006318       SimpleRSSTypes.TRSSChannelCategories.Add
 0001:00006324       SimpleRSSTypes.TRSSChannelCategories.GetItem
 0001:00006338       SimpleRSSTypes.TRSSChannelCategories.Insert
 0001:0000634C       SimpleRSSTypes.TRSSChannelCategories.SetItem
 0001:00006354       SimpleRSSTypes.TRSSItems.Add
 0001:00006360       SimpleRSSTypes.TRSSItems.GetItem
 0001:00006374       SimpleRSSTypes.TRSSItems.Insert
 0001:00006388       SimpleRSSTypes.TRSSItems.SetItem
 0001:00006390       SimpleRSSTypes.TRSSChannelSkipHours.Set01
 0001:00006394       SimpleRSSTypes.TRSSChannelSkipHours.Set02
 0001:00006398       SimpleRSSTypes.TRSSChannelSkipHours.Set03
 0001:0000639C       SimpleRSSTypes.TRSSChannelSkipHours.Set04
 0001:000063A0       SimpleRSSTypes.TRSSChannelSkipHours.Set05
 0001:000063A4       SimpleRSSTypes.TRSSChannelSkipHours.Set06
 0001:000063A8       SimpleRSSTypes.TRSSChannelSkipHours.Set07
 0001:000063AC       SimpleRSSTypes.TRSSChannelSkipHours.Set08
 0001:000063B0       SimpleRSSTypes.TRSSChannelSkipHours.Set09
 0001:000063B4       SimpleRSSTypes.TRSSChannelSkipHours.Set10
 0001:000063B8       SimpleRSSTypes.TRSSChannelSkipHours.Set11
 0001:000063BC       SimpleRSSTypes.TRSSChannelSkipHours.Set12
 0001:000063C0       SimpleRSSTypes.TRSSChannelSkipHours.Set13
 0001:000063C4       SimpleRSSTypes.TRSSChannelSkipHours.Set14
 0001:000063C8       SimpleRSSTypes.TRSSChannelSkipHours.Set15
 0001:000063CC       SimpleRSSTypes.TRSSChannelSkipHours.Set16
 0001:000063D0       SimpleRSSTypes.TRSSChannelSkipHours.Set17
 0001:000063D4       SimpleRSSTypes.TRSSChannelSkipHours.Set18
 0001:000063D8       SimpleRSSTypes.TRSSChannelSkipHours.Set19
 0001:000063DC       SimpleRSSTypes.TRSSChannelSkipHours.Set20
 0001:000063E0       SimpleRSSTypes.TRSSChannelSkipHours.Set21
 0001:000063E4       SimpleRSSTypes.TRSSChannelSkipHours.Set22
 0001:000063E8       SimpleRSSTypes.TRSSChannelSkipHours.Set23
 0001:000063EC       SimpleRSSTypes.TRSSChannelSkipHours.Set24
 0001:000063F0       SimpleRSSTypes.TRSSChannelSkipDays.SetFriday
 0001:000063F4       SimpleRSSTypes.TRSSChannelSkipDays.SetMonday
 0001:000063F8       SimpleRSSTypes.TRSSChannelSkipDays.SetSaturday
 0001:000063FC       SimpleRSSTypes.TRSSChannelSkipDays.SetSunday
 0001:00006400       SimpleRSSTypes.TRSSChannelSkipDays.SetThursday
 0001:00006404       SimpleRSSTypes.TRSSChannelSkipDays.SetTuesday
 0001:00006408       SimpleRSSTypes.TRSSChannelSkipDays.SetWednesday
 0001:0000640C       SimpleRSSTypes.TRFC822DateTime.Changed
 0001:00006414       SimpleRSSTypes.TRFC822DateTime.Create
 0001:00006468       SimpleRSSTypes.TRFC822DateTime.GetDateTime
 0001:000064DC       SimpleRSSTypes.TRFC822DateTime.SetDateTime
 0001:00006504       SimpleRSSTypes.TRFC822DateTime.LoadDCDateTime
 0001:00006730       SimpleRSSTypes.TRFC822DateTime.LoadDateTime
 0001:000067C0       SimpleRSSTypes.TRFC822DateTime.SetTimeZone
 0001:000067E4       SimpleRSSTypes.TRFC822DateTime.LastSpace
 0001:0000684C       SimpleRSSTypes.Finalization
 0001:0000688C       SimpleParserBase..TSimpleParserBase
 0001:00006928       SimpleParserBase.TSimpleParserBase.Create
 0001:00006964       SimpleParserBase.Finalization
 0001:00006994       SimpleParseriTunes..TSimpleParseriTunes
 0001:00006A34       SimpleParseriTunes.TSimpleParseriTunes.Generate
 0001:0000ED7C       SimpleParseriTunes.TSimpleParseriTunes.Parse
 0001:00016AEC       SimpleParseriTunes.Finalization
 0001:00016B1C       SimpleParserAtom..TSimpleParserAtom
 0001:00016BB8       SimpleParserAtom.TSimpleParserAtom.Generate
 0001:00016BC4       SimpleParserAtom.ParseChannelHeader
 0001:00017320       SimpleParserAtom.TSimpleParserAtom.Parse
 0001:0001BCA4       SimpleParserAtom.Finalization
 0001:0001BCD4       SimpleParserRSS..TSimpleParserRSS
 0001:0001BD70       SimpleParserRSS.TSimpleParserRSS.Generate
 0001:00023044       SimpleParserRSS.TSimpleParserRSS.Parse
 0001:00029360       SimpleParserRSS.Finalization
 0001:00029390       SimpleParserRDF..TSimpleParserRDF
 0001:0002942C       SimpleParserRDF.TSimpleParserRDF.Generate
 0001:0002A66C       SimpleParserRDF.TSimpleParserRDF.Parse
 0001:00030848       SimpleParserRDF.Finalization
 0001:00030878       SimpleRSS..TSimpleRSS
 0001:00030AA0       SimpleRSS.Register
 0001:00030AD0       SimpleRSS.TSimpleRSS.ClearXML
 0001:00030B08       SimpleRSS.TSimpleRSS.Create
 0001:00030BC0       SimpleRSS.TSimpleRSS.Destroy
 0001:00030C0C       SimpleRSS.TSimpleRSS.GenerateComponent
 0001:0003103C       SimpleRSS.TSimpleRSS.GenerateXML
 0001:00031048       SimpleRSS.TSimpleRSS.GenerateXML
 0001:000310D4       SimpleRSS.TSimpleRSS.GetSimpleRSSVersion
 0001:000310E8       SimpleRSS.TSimpleRSS.LoadFromFile
 0001:00031160       SimpleRSS.TSimpleRSS.LoadFromHTTP
 0001:0003124C       SimpleRSS.TSimpleRSS.LoadFromStream
 0001:00031270       SimpleRSS.TSimpleRSS.LoadFromString
 0001:000312C4       SimpleRSS.TSimpleRSS.LoadFromStrings
 0001:000312FC       SimpleRSS.TSimpleRSS.SaveToFile
 0001:00031370       SimpleRSS.TSimpleRSS.SaveToStream
 0001:0003138C       SimpleRSS.TSimpleRSS.SaveToString
 0001:000313AC       SimpleRSS.TSimpleRSS.SaveToStrings
 0001:000313C0       SimpleRSS.TSimpleRSS.SetChannel
 0001:000313C4       SimpleRSS.TSimpleRSS.SetIndyHTTP
 0001:000313C8       SimpleRSS.TSimpleRSS.SetItems
 0001:000313CC       SimpleRSS.TSimpleRSS.SetOnParseXML
 0001:000313E0       SimpleRSS.TSimpleRSS.SetOnCreate
 0001:000313F4       SimpleRSS.TSimpleRSS.SetOnGenerateXML
 0001:00031408       SimpleRSS.TSimpleRSS.SetVersion
 0001:0003141C       SimpleRSS.Finalization
 0001:0003144C       SimpleRSSUtils.StringToLanguage
 0001:00031C10       SimpleRSSUtils.LanguageToString
 0001:000323A0       SimpleRSSUtils.DecodeString
 0001:00032458       SimpleRSSUtils.GetSkipHours
 0001:000334E4       SimpleRSSUtils.GetSkipDays
 0001:000339E8       SimpleRSSUtils.Finalization
 0001:00033D28       .SimpleRSS_D2k6_Win32.@GetPackageInfoTable
 0001:00033D30       .SimpleRSS_D2k6_Win32.@PackageLoad
 0001:00033D3C       .SimpleRSS_D2k6_Win32.@PackageUnload
 0002:00000020       Windows.Windows
 0002:00000114       SimpleRSSConst.SimpleRSSConst
 0002:0000011C       iTunesTypes.iTunesTypes
 0002:00000124       SimpleRSSTypes.SimpleRSSTypes
 0002:0000012C       SimpleParserBase.SimpleParserBase
 0002:00000134       SimpleParseriTunes.SimpleParseriTunes
 0002:0000013C       SimpleParserAtom.SimpleParserAtom
 0002:00000144       SimpleParserRSS.SimpleParserRSS
 0002:0000014C       SimpleParserRDF.SimpleParserRDF
 0002:00000154       SimpleRSS.SimpleRSS
 0002:0000015C       SimpleRSSUtils.SimpleRSSUtils
 0002:00000164       .SimpleRSS_D2k6_Win32..SimpleRSS_D2k6_Win32
 0003:00000000       SysInit.TlsIndex
 0003:00000004       SysInit.Module
 0003:0000001C       SysInit.TlsProc
 0003:0000002C       SimpleRSSConst.strSimpleRSS
 0003:00000030       SimpleRSSConst.strSimpleRSSVersion
 0003:00000034       SimpleRSSConst.strDocs
 0003:00000038       SimpleRSSConst.strGMT
 0003:0000003C       SimpleRSSConst.strTrue
 0003:00000040       SimpleRSSConst.strFalse
 0003:00000044       SimpleRSSConst.strAdvert
 0003:00000048       SimpleRSSConst.strRSSLicenceURL
 0003:0000004C       SimpleRSSConst.strRSSLicenceAdvert
 0003:00000050       SimpleRSSConst.strArrow
 0003:00000054       SimpleRSSConst.strXMLHeader
 0003:00000058       SimpleRSSConst.strXMLVersion
 0003:0000005C       SimpleRSSConst.strXMLNS
 0003:00000060       SimpleRSSConst.strDateFormat
 0003:00000064       SimpleRSSConst.strShortDateFormat
 0003:00000068       SimpleRSSConst.strLongTimeFormat
 0003:0000006C       SimpleRSSConst.str3January
 0003:00000070       SimpleRSSConst.str3Febuary
 0003:00000074       SimpleRSSConst.str3March
 0003:00000078       SimpleRSSConst.str3April
 0003:0000007C       SimpleRSSConst.str3May
 0003:00000080       SimpleRSSConst.str3June
 0003:00000084       SimpleRSSConst.str3July
 0003:00000088       SimpleRSSConst.str3August
 0003:0000008C       SimpleRSSConst.str3September
 0003:00000090       SimpleRSSConst.str3October
 0003:00000094       SimpleRSSConst.str3November
 0003:00000098       SimpleRSSConst.str3December
 0003:0000009C       SimpleRSSConst.strFullMonday
 0003:000000A0       SimpleRSSConst.strFullTuesday
 0003:000000A4       SimpleRSSConst.strFullWednesday
 0003:000000A8       SimpleRSSConst.strFullThursday
 0003:000000AC       SimpleRSSConst.strFullFriday
 0003:000000B0       SimpleRSSConst.strFullSaturday
 0003:000000B4       SimpleRSSConst.strFullSunday
 0003:000000B8       SimpleRSSConst.strNum0
 0003:000000BC       SimpleRSSConst.strNum1
 0003:000000C0       SimpleRSSConst.strNum2
 0003:000000C4       SimpleRSSConst.strNum3
 0003:000000C8       SimpleRSSConst.strNum4
 0003:000000CC       SimpleRSSConst.strNum5
 0003:000000D0       SimpleRSSConst.strNum6
 0003:000000D4       SimpleRSSConst.strNum7
 0003:000000D8       SimpleRSSConst.strNum8
 0003:000000DC       SimpleRSSConst.strNum9
 0003:000000E0       SimpleRSSConst.strNum10
 0003:000000E4       SimpleRSSConst.strNum11
 0003:000000E8       SimpleRSSConst.strNum12
 0003:000000EC       SimpleRSSConst.strNum13
 0003:000000F0       SimpleRSSConst.strNum14
 0003:000000F4       SimpleRSSConst.strNum15
 0003:000000F8       SimpleRSSConst.strNum16
 0003:000000FC       SimpleRSSConst.strNum17
 0003:00000100       SimpleRSSConst.strNum18
 0003:00000104       SimpleRSSConst.strNum19
 0003:00000108       SimpleRSSConst.strNum20
 0003:0000010C       SimpleRSSConst.strNum21
 0003:00000110       SimpleRSSConst.strNum22
 0003:00000114       SimpleRSSConst.strNum23
 0003:00000118       SimpleRSSConst.strDescReq
 0003:0000011C       SimpleRSSConst.strLinkReq
 0003:00000120       SimpleRSSConst.strTitleReq
 0003:00000124       SimpleRSSConst.strURLReq
 0003:00000128       SimpleRSSConst.strRSSVersion
 0003:0000012C       SimpleRSSConst.strLangAF
 0003:00000130       SimpleRSSConst.strLangSQ
 0003:00000134       SimpleRSSConst.strLangEU
 0003:00000138       SimpleRSSConst.strLangBE
 0003:0000013C       SimpleRSSConst.strLangBG
 0003:00000140       SimpleRSSConst.strLangCA
 0003:00000144       SimpleRSSConst.strLangZH_CN
 0003:00000148       SimpleRSSConst.strLangZH_TW
 0003:0000014C       SimpleRSSConst.strLangHR
 0003:00000150       SimpleRSSConst.strLangCS
 0003:00000154       SimpleRSSConst.strLangDA
 0003:00000158       SimpleRSSConst.strLangNL
 0003:0000015C       SimpleRSSConst.strLangNL_BE
 0003:00000160       SimpleRSSConst.strLangNL_NL
 0003:00000164       SimpleRSSConst.strLangEN
 0003:00000168       SimpleRSSConst.strLangEN_AU
 0003:0000016C       SimpleRSSConst.strLangEN_BZ
 0003:00000170       SimpleRSSConst.strLangEN_CA
 0003:00000174       SimpleRSSConst.strLangEN_IE
 0003:00000178       SimpleRSSConst.strLangEN_JM
 0003:0000017C       SimpleRSSConst.strLangEN_NZ
 0003:00000180       SimpleRSSConst.strLangEN_PH
 0003:00000184       SimpleRSSConst.strLangEN_ZA
 0003:00000188       SimpleRSSConst.strLangEN_TT
 0003:0000018C       SimpleRSSConst.strLangEN_GB
 0003:00000190       SimpleRSSConst.strLangEN_US
 0003:00000194       SimpleRSSConst.strLangEN_ZW
 0003:00000198       SimpleRSSConst.strLangET
 0003:0000019C       SimpleRSSConst.strLangFO
 0003:000001A0       SimpleRSSConst.strLangFI
 0003:000001A4       SimpleRSSConst.strLangFR
 0003:000001A8       SimpleRSSConst.strLangFR_BE
 0003:000001AC       SimpleRSSConst.strLangFR_CA
 0003:000001B0       SimpleRSSConst.strLangFR_FR
 0003:000001B4       SimpleRSSConst.strLangFR_LU
 0003:000001B8       SimpleRSSConst.strLangFR_MC
 0003:000001BC       SimpleRSSConst.strLangFR_CH
 0003:000001C0       SimpleRSSConst.strLangGL
 0003:000001C4       SimpleRSSConst.strLangGD
 0003:000001C8       SimpleRSSConst.strLangDE
 0003:000001CC       SimpleRSSConst.strLangDE_AT
 0003:000001D0       SimpleRSSConst.strLangDE_DE
 0003:000001D4       SimpleRSSConst.strLangDE_LI
 0003:000001D8       SimpleRSSConst.strLangDE_LU
 0003:000001DC       SimpleRSSConst.strLangDE_CH
 0003:000001E0       SimpleRSSConst.strLangEL
 0003:000001E4       SimpleRSSConst.strLangHAW
 0003:000001E8       SimpleRSSConst.strLangHU
 0003:000001EC       SimpleRSSConst.strLangIS
 0003:000001F0       SimpleRSSConst.strLangIN
 0003:000001F4       SimpleRSSConst.strLangGA
 0003:000001F8       SimpleRSSConst.strLangIT
 0003:000001FC       SimpleRSSConst.strLangIT_IT
 0003:00000200       SimpleRSSConst.strLangIT_CH
 0003:00000204       SimpleRSSConst.strLangJA
 0003:00000208       SimpleRSSConst.strLangKO
 0003:0000020C       SimpleRSSConst.strLangMK
 0003:00000210       SimpleRSSConst.strLangNO
 0003:00000214       SimpleRSSConst.strLangPL
 0003:00000218       SimpleRSSConst.strLangPT
 0003:0000021C       SimpleRSSConst.strLangPT_BR
 0003:00000220       SimpleRSSConst.strLangPT_PT
 0003:00000224       SimpleRSSConst.strLangRO
 0003:00000228       SimpleRSSConst.strLangRO_MO
 0003:0000022C       SimpleRSSConst.strLangRO_RP
 0003:00000230       SimpleRSSConst.strLangRU
 0003:00000234       SimpleRSSConst.strLangRU_MO
 0003:00000238       SimpleRSSConst.strLangRU_RU
 0003:0000023C       SimpleRSSConst.strLangSR
 0003:00000240       SimpleRSSConst.strLangSK
 0003:00000244       SimpleRSSConst.strLangSL
 0003:00000248       SimpleRSSConst.strLangES
 0003:0000024C       SimpleRSSConst.strLangES_AR
 0003:00000250       SimpleRSSConst.strLangES_BO
 0003:00000254       SimpleRSSConst.strLangES_CL
 0003:00000258       SimpleRSSConst.strLangES_CO
 0003:0000025C       SimpleRSSConst.strLangES_CR
 0003:00000260       SimpleRSSConst.strLangES_DO
 0003:00000264       SimpleRSSConst.strLangES_EC
 0003:00000268       SimpleRSSConst.strLangES_SV
 0003:0000026C       SimpleRSSConst.strLangES_GT
 0003:00000270       SimpleRSSConst.strLangES_HN
 0003:00000274       SimpleRSSConst.strLangES_MX
 0003:00000278       SimpleRSSConst.strLangES_NI
 0003:0000027C       SimpleRSSConst.strLangES_PA
 0003:00000280       SimpleRSSConst.strLangES_PY
 0003:00000284       SimpleRSSConst.strLangES_PE
 0003:00000288       SimpleRSSConst.strLangES_PR
 0003:0000028C       SimpleRSSConst.strLangES_ES
 0003:00000290       SimpleRSSConst.strLangES_UY
 0003:00000294       SimpleRSSConst.strLangES_VE
 0003:00000298       SimpleRSSConst.strLangSV
 0003:0000029C       SimpleRSSConst.strLangSV_FI
 0003:000002A0       SimpleRSSConst.strLangSV_SE
 0003:000002A4       SimpleRSSConst.strLangTR
 0003:000002A8       SimpleRSSConst.strLangUK
 0003:000002AC       SimpleRSSConst.reRSS
 0003:000002B0       SimpleRSSConst.reVersion
 0003:000002B4       SimpleRSSConst.reChannel
 0003:000002B8       SimpleRSSConst.reItem
 0003:000002BC       SimpleRSSConst.reCategory
 0003:000002C0       SimpleRSSConst.reDomain
 0003:000002C4       SimpleRSSConst.reTitle
 0003:000002C8       SimpleRSSConst.reDescription
 0003:000002CC       SimpleRSSConst.reLink
 0003:000002D0       SimpleRSSConst.reAuthor
 0003:000002D4       SimpleRSSConst.reComments
 0003:000002D8       SimpleRSSConst.reEnclosure
 0003:000002DC       SimpleRSSConst.reURL
 0003:000002E0       SimpleRSSConst.reType
 0003:000002E4       SimpleRSSConst.reLength
 0003:000002E8       SimpleRSSConst.reGUID
 0003:000002EC       SimpleRSSConst.reIsPermaLink
 0003:000002F0       SimpleRSSConst.rePubDate
 0003:000002F4       SimpleRSSConst.reSource
 0003:000002F8       SimpleRSSConst.reLanguage
 0003:000002FC       SimpleRSSConst.reCopyright
 0003:00000300       SimpleRSSConst.reManagingEditor
 0003:00000304       SimpleRSSConst.reWebmaster
 0003:00000308       SimpleRSSConst.reLastBuildDate
 0003:0000030C       SimpleRSSConst.reGenerator
 0003:00000310       SimpleRSSConst.reDocs
 0003:00000314       SimpleRSSConst.reCloud
 0003:00000318       SimpleRSSConst.rePort
 0003:0000031C       SimpleRSSConst.reRegisterProcedure
 0003:00000320       SimpleRSSConst.reProtocol
 0003:00000324       SimpleRSSConst.reTTL
 0003:00000328       SimpleRSSConst.reImage
 0003:0000032C       SimpleRSSConst.reWidth
 0003:00000330       SimpleRSSConst.reHeight
 0003:00000334       SimpleRSSConst.reRating
 0003:00000338       SimpleRSSConst.rePath
 0003:0000033C       SimpleRSSConst.reSkipDays
 0003:00000340       SimpleRSSConst.reSkipHours
 0003:00000344       SimpleRSSConst.reHour
 0003:00000348       SimpleRSSConst.reDay
 0003:0000034C       SimpleRSSConst.reTextInput
 0003:00000350       SimpleRSSConst.reName
 0003:00000354       SimpleRSSConst.reFormatRDF
 0003:00000358       SimpleRSSConst.reFormatRSS
 0003:0000035C       SimpleRSSConst.reFormatAtom
 0003:00000360       SimpleRSSConst.reFormatUnkown
 0003:00000364       SimpleRSSConst.reEntry
 0003:00000368       SimpleRSSConst.reContent
 0003:0000036C       SimpleRSSConst.reContentEncoded
 0003:00000370       SimpleRSSConst.reTagline
 0003:00000374       SimpleRSSConst.reModified
 0003:00000378       SimpleRSSConst.reEMail
 0003:0000037C       SimpleRSSConst.reID
 0003:00000380       SimpleRSSConst.reHead
 0003:00000384       SimpleRSSConst.attHREF
 0003:00000388       SimpleRSSConst.attNAME
 0003:0000038C       SimpleRSSConst.attURL
 0003:00000390       SimpleRSSConst.attMode
 0003:00000394       SimpleRSSConst.rdfeRDFPrefix
 0003:00000398       SimpleRSSConst.rdfeDate
 0003:0000039C       SimpleRSSConst.rdfeRDF
 0003:000003A0       SimpleRSSConst.rdfeRDFNSUrl
 0003:000003A4       SimpleRSSConst.rdfeXMLNSUrl
 0003:000003A8       SimpleRSSConst.rdfeAbout
 0003:000003AC       SimpleRSSConst.rdfeResource
 0003:000003B0       SimpleRSSConst.rdfeItems
 0003:000003B4       SimpleRSSConst.rdfeSeq
 0003:000003B8       SimpleRSSConst.rdfeli
 0003:000003BC       SimpleRSSConst.ituneNS
 0003:000003C0       SimpleRSSConst.ituneNSURL
 0003:000003C4       SimpleRSSConst.itunesAuthor
 0003:000003C8       SimpleRSSConst.itunesSubtitle
 0003:000003CC       SimpleRSSConst.itunesSummary
 0003:000003D0       SimpleRSSConst.itunesOwner
 0003:000003D4       SimpleRSSConst.itunesName
 0003:000003D8       SimpleRSSConst.itunesEmail
 0003:000003DC       SimpleRSSConst.itunesImage
 0003:000003E0       SimpleRSSConst.itunesCategory
 0003:000003E4       SimpleRSSConst.itunesText
 0003:000003E8       SimpleRSSConst.itunesDuration
 0003:000003EC       SimpleRSSConst.itunesKeywords
 0003:000003F0       SimpleRSSConst.itunesBlock
 0003:000003F4       SimpleRSSConst.itunesYes
 0003:000003F8       SimpleRSSConst.itunesNo
 0003:000003FC       SimpleRSSConst.itunesExplicit
 0003:00000400       SimpleRSSConst.attValueBase64
 0003:00000404       SimpleRSSConst.strIdHTTPComponent
 0003:00000408       SimpleRSSConst.emRequiredFieldMissing
 0003:0000040C       SimpleRSSConst.emRequireComponentMissing
 0004:00000000       SysInit.ModuleIsLib
 0004:00000001       SysInit.ModuleIsPackage
 0004:00000004       SysInit.HInstance
 0004:00000008       SysInit.tlsBuffer
 0004:0000000C       Windows..3
 0004:00000010       Windows.HtmlHelpModule
 0004:00000014       SimpleRSSConst..1
 0004:00000018       iTunesTypes..8
 0004:0000001C       SimpleRSSTypes..32
 0004:00000020       SimpleRSSTypes.FormatSettings
 0004:00000030       SimpleParserBase..2
 0004:00000034       SimpleParseriTunes..2
 0004:00000038       SimpleParserAtom..2
 0004:0000003C       SimpleParserRSS..2
 0004:00000040       SimpleParserRDF..2
 0004:00000044       SimpleRSS..2
 0004:00000048       SimpleRSSUtils..1
 0005:00000000       SysInit.TlsLast


Line numbers for SimpleRSSConst(SimpleRSSConst.pas) segment .itext

   308 0002:00000114

Line numbers for iTunesTypes(iTunesTypes.pas) segment .text

   181 0001:00002A30   182 0001:00002A59   183 0001:00002A64   185 0001:00002A70
   186 0001:00002A7F   188 0001:00002A83   189 0001:00002A8C   190 0001:00002AA0
   191 0001:00002AAF   186 0001:00002ABE   193 0001:00002AC2   194 0001:00002ACB
   195 0001:00002AD6   200 0001:00002B0C   201 0001:00002B14   203 0001:00002B25
   204 0001:00002B29   205 0001:00002B35   206 0001:00002B48   201 0001:00002B49
   207 0001:00002B4C   214 0001:00002B60   215 0001:00002B83   216 0001:00002B8F
   221 0001:00002BB4   222 0001:00002BBA   224 0001:00002BC6   226 0001:00002BD0
   229 0001:00002BD4   230 0001:00002BDA   232 0001:00002BE6   234 0001:00002BF0
   239 0001:00002BF4   240 0001:00002BFA   242 0001:00002C06   244 0001:00002C10
   247 0001:00002C14   248 0001:00002C1A   250 0001:00002C26   252 0001:00002C30
   259 0001:00002C34   260 0001:00002C3C   261 0001:00002C43   263 0001:00002C54
   264 0001:00002C73   261 0001:00002C74   265 0001:00002C77   270 0001:00002C88
   271 0001:00002CA2   272 0001:00002CA9   275 0001:00002CB8   278 0001:00002CC8
   279 0001:00002CD1   280 0001:00002CDB   285 0001:00002CDD   287 0001:00002CE7
   288 0001:00002CEF   289 0001:00002D01   290 0001:00002D11   291 0001:00002D16
   292 0001:00002D20   293 0001:00002D29   294 0001:00002D3C   295 0001:00002D4B
   297 0001:00002D57   300 0001:00002D88   301 0001:00002D8B   302 0001:00002D92
   305 0001:00002D94   306 0001:00002D9A   307 0001:00002DA3   311 0001:00002DA8
   312 0001:00002DAD   315 0001:00002DB0   316 0001:00002DB6   317 0001:00002DBF
   323 0001:00002DC4   325 0001:00002DC9   327 0001:00002DCC   331 0001:00002DD0
   332 0001:00002DD3   335 0001:00002DD4   336 0001:00002DDA   338 0001:00002DE6
   340 0001:00002DF0   343 0001:00002DF4   344 0001:00002DFA   346 0001:00002E06
   347 0001:00002E14   349 0001:00002E2B   351 0001:00002E35   355 0001:00002E38
   356 0001:00002E3B   360 0001:00002E3C   361 0001:00002E3F   365 0001:00002E40
   366 0001:00002E43   369 0001:00002E44   370 0001:00002E56   371 0001:00002E5F
   372 0001:00002E76   373 0001:00002E85   374 0001:00002E94   375 0001:00002E98
   376 0001:00002E9C   380 0001:00002EB8   381 0001:00002EC3   382 0001:00002ECB
   383 0001:00002ED3   384 0001:00002EDB   385 0001:00002EE7   388 0001:00002EF8
   389 0001:00002EFE   390 0001:00002F08   393 0001:00002F0C   394 0001:00002F12
   395 0001:00002F1C   398 0001:00002F20   399 0001:00002F23   400 0001:00002F29
   402 0001:00002F3A   403 0001:00002F49   406 0001:00002F4C   407 0001:00002F6C
   408 0001:00002F77   411 0001:00002F98   412 0001:00002F9E   413 0001:00002FA8
   419 0001:00002FAC   420 0001:00002FAF   423 0001:00002FB0   424 0001:00002FCE
   425 0001:00003000   426 0001:00003008   428 0001:0000302A   429 0001:0000303E
   434 0001:00003080   435 0001:0000309D   436 0001:000030A7   437 0001:000030D3
   438 0001:000030EF   439 0001:0000311B   440 0001:00003137   441 0001:0000315D
   445 0001:00003194   446 0001:00003197   450 0001:00003198   451 0001:0000319B
   456 0001:0000319C   457 0001:000031A2   458 0001:000031AC   462 0001:000031B0
   463 0001:000031B3   466 0001:000031B4   467 0001:000031C6   468 0001:000031CF
   469 0001:000031DE   470 0001:000031ED   471 0001:00003204   475 0001:00003220
   476 0001:00003223   479 0001:00003224   480 0001:0000322A   481 0001:00003234
   484 0001:00003238   485 0001:0000323E   486 0001:0000324C   488 0001:00003264
   489 0001:0000326E   493 0001:00003274   494 0001:00003277   498 0001:00003278
   499 0001:0000327B   502 0001:0000327C   503 0001:00003287   504 0001:0000328F
   505 0001:00003297   506 0001:0000329F   507 0001:000032AB   511 0001:000032BC
   512 0001:000032BF   515 0001:000032C0   516 0001:000032C3   517 0001:000032C9
   519 0001:000032DA   520 0001:000032E9   523 0001:000032EC   524 0001:0000330C
   525 0001:00003317   528 0001:00003338   529 0001:0000333E   530 0001:00003348

Line numbers for iTunesTypes(iTunesTypes.pas) segment .itext

   532 0002:0000011C

Line numbers for SimpleRSSTypes(SimpleRSSTypes.pas) segment .text

   609 0001:00005544   610 0001:00005548   613 0001:0000554C   614 0001:0000555E
   615 0001:00005567   616 0001:00005587   617 0001:00005596   618 0001:000055A5
   619 0001:000055B4   620 0001:000055C3   621 0001:000055CA   622 0001:000055CE
   623 0001:000055D2   624 0001:000055D6   625 0001:000055DA   626 0001:000055DE
   627 0001:000055E2   628 0001:000055E6   629 0001:000055FD   630 0001:0000560C
   631 0001:0000561B   632 0001:0000562A   633 0001:0000563A   636 0001:00005660
   637 0001:0000566B   638 0001:00005673   639 0001:0000567B   640 0001:00005683
   641 0001:0000568B   642 0001:00005693   643 0001:0000569B   644 0001:000056A3
   645 0001:000056AB   646 0001:000056B7   650 0001:000056C8   651 0001:000056CC
   655 0001:000056D0   656 0001:000056D4   660 0001:000056D8   661 0001:000056DC
   665 0001:000056E0   666 0001:000056E3   669 0001:000056E4   670 0001:000056EA
   672 0001:000056F6   673 0001:00005700   674 0001:00005704   676 0001:0000570A
   678 0001:0000570E   682 0001:00005714   683 0001:00005717   686 0001:00005718
   687 0001:0000571E   688 0001:00005728   691 0001:0000572C   692 0001:00005732
   694 0001:0000573E   695 0001:00005748   696 0001:0000574C   698 0001:00005752
   700 0001:00005756   704 0001:0000575C   705 0001:0000575F   709 0001:00005760
   711 0001:00005765   713 0001:00005768   717 0001:0000576C   718 0001:0000576F
   721 0001:00005770   722 0001:00005776   724 0001:00005782   725 0001:0000578C
   726 0001:00005790   728 0001:00005796   730 0001:0000579A   734 0001:000057A0
   735 0001:000057A3   739 0001:000057A4   740 0001:000057A7   743 0001:000057A8
   744 0001:000057AE   746 0001:000057BA   747 0001:000057C4   748 0001:000057C8
   750 0001:000057CE   752 0001:000057D2   756 0001:000057D8   757 0001:000057DB
   761 0001:000057DC   762 0001:000057DF   766 0001:000057E0   767 0001:000057E3
   771 0001:000057E4   772 0001:000057E9   773 0001:000057ED   775 0001:000057F2
   776 0001:000057F7   778 0001:000057FB   781 0001:000057FC   782 0001:00005802
   784 0001:0000580E   785 0001:00005818   786 0001:0000581C   788 0001:00005822
   790 0001:00005826   794 0001:0000582C   795 0001:00005845   796 0001:0000585C
   798 0001:0000586D   799 0001:00005877   802 0001:0000589C   803 0001:000058B5
   804 0001:000058CC   806 0001:000058DD   807 0001:000058E7   810 0001:0000590C
   811 0001:00005925   812 0001:0000593C   814 0001:0000594D   815 0001:00005957
   818 0001:0000597C   819 0001:00005982   820 0001:0000598C   823 0001:00005990
   824 0001:00005996   825 0001:000059A0   828 0001:000059A4   829 0001:000059AA
   830 0001:000059B4   835 0001:000059B8   836 0001:000059D0   837 0001:000059D9
   838 0001:000059E8   839 0001:000059F7   842 0001:00005A06   843 0001:00005A15
   844 0001:00005A1F   845 0001:00005A2F   847 0001:00005A3A   850 0001:00005A58
   851 0001:00005A63   852 0001:00005A6B   853 0001:00005A73   854 0001:00005A7B
   855 0001:00005A87   858 0001:00005A98   859 0001:00005A9E   860 0001:00005AA8
   864 0001:00005AAC   865 0001:00005AAF   869 0001:00005AB0   870 0001:00005AB3
   874 0001:00005AB4   875 0001:00005AB7   879 0001:00005AB8   880 0001:00005ABB
   884 0001:00005ABC   885 0001:00005AD5   886 0001:00005AEC   888 0001:00005AFD
   889 0001:00005B07   892 0001:00005B2C   893 0001:00005B45   894 0001:00005B5C
   896 0001:00005B6D   897 0001:00005B77   900 0001:00005B9C   901 0001:00005BB5
   902 0001:00005BCC   904 0001:00005BDD   905 0001:00005BE7   908 0001:00005C0C
   909 0001:00005C12   910 0001:00005C1C   913 0001:00005C20   914 0001:00005C26
   915 0001:00005C30   918 0001:00005C34   919 0001:00005C3A   920 0001:00005C44
   924 0001:00005C48   925 0001:00005C5A   926 0001:00005C63   927 0001:00005C67
[...]
   687 0001:00023DEA   689 0001:00023E52   693 0001:00023E7F   694 0001:00023EFF
   695 0001:00023F97   696 0001:00024017   697 0001:000240BA   698 0001:0002413A
   699 0001:000241E0   701 0001:00024260   702 0001:00024319   703 0001:0002435C
   704 0001:00024415   705 0001:00024458   706 0001:00024511   707 0001:00024554
   708 0001:00024637   709 0001:00024710   710 0001:000247F3   712 0001:00024800
   713 0001:00024880   714 0001:0002488D   715 0001:00024933   716 0001:000249F0
   718 0001:00024AE7   720 0001:00024AF4   721 0001:00024B74   722 0001:00024C1A
   724 0001:00024C9A   725 0001:00024D53   726 0001:00024D96   727 0001:00024DA3
   728 0001:00024E49   730 0001:00024F2C   732 0001:00024F92   733 0001:0002503F
   734 0001:0002504D   735 0001:000250ED   736 0001:000251A7   739 0001:00025284
   730 0001:00025287   743 0001:00025290   744 0001:000252FF   745 0001:0002536B
   746 0001:000253DA   747 0001:00025446   748 0001:000254B5   749 0001:00025521
   750 0001:00025594   751 0001:00025607   752 0001:00025616   754 0001:00025684
   756 0001:00025694   757 0001:00025703   758 0001:0002576F   759 0001:000257DE
   761 0001:0002584A   762 0001:000258B9   763 0001:00025925   764 0001:00025994
   765 0001:00025A03   766 0001:00025A72   767 0001:00025AE1   768 0001:00025B50
   769 0001:00025BBC   770 0001:00025C2B   772 0001:00025C97   773 0001:00025D0A
   775 0001:00025D72   776 0001:00025D88   778 0001:00025E34   780 0001:00025ED6
   782 0001:00025F82   784 0001:0002602E   789 0001:000260DA   790 0001:00026149
   792 0001:000261AB   793 0001:0002621E   794 0001:0002629A   796 0001:000262DD
   797 0001:00026359   799 0001:0002639C   800 0001:00026418   802 0001:0002645B
   804 0001:000264C3   805 0001:000264D9   807 0001:00026588   809 0001:00026637
   811 0001:000266E6   813 0001:00026766   815 0001:00026815   816 0001:00026895
   818 0001:0002693A   819 0001:000269BA   825 0001:00026A5F   826 0001:00026ACE
   829 0001:00026B3A   830 0001:00026BAD   831 0001:00026C29   833 0001:00026C6C
   834 0001:00026CE8   836 0001:00026D2B   837 0001:00026DA7   839 0001:00026DEA
   840 0001:00026E66   842 0001:00026EA9   844 0001:00026F11   845 0001:00026F27
   847 0001:00026FD3   849 0001:0002707F   851 0001:0002712B   857 0001:000271D7
   858 0001:00027246   862 0001:0002728A   863 0001:000272F9   866 0001:0002733D
   638 0001:0002733E   869 0001:00027347

Line numbers for SimpleParserRSS(SimpleParserRSS.pas) segment .itext

   872 0002:00000144

Line numbers for SimpleParserRDF(SimpleParserRDF.pas) segment .text

    57 0001:0002942C    59 0001:0002944F    61 0001:00029457    62 0001:0002948F
    63 0001:000294A8    64 0001:000294DF    65 0001:000294FC    66 0001:00029515
    67 0001:00029570    71 0001:000295B4    72 0001:000295DA    74 0001:0002960B
    75 0001:0002967D    76 0001:000296EF    80 0001:00029761    82 0001:00029777
    83 0001:000297A0    84 0001:000297F4    86 0001:00029810    89 0001:00029838
    90 0001:0002988C    91 0001:00029904    92 0001:0002997C    97 0001:000299F4
    98 0001:00029A20    99 0001:00029A4C   101 0001:00029A66   103 0001:00029A96
   104 0001:00029AC2   105 0001:00029B06   107 0001:00029B22    99 0001:00029B23
   108 0001:00029B2C   109 0001:00029B48   113 0001:00029B64   115 0001:00029B7A
   116 0001:00029BA3   117 0001:00029BE6   119 0001:00029C02   120 0001:00029C2E
   121 0001:00029C71   122 0001:00029CD8   123 0001:00029D3F   124 0001:00029DA6
   128 0001:00029E0D   130 0001:00029E69   131 0001:00029E6F   134 0001:00029ECB
   136 0001:00029EE5   138 0001:00029F15   139 0001:00029F41   140 0001:00029F85
   141 0001:00029FED   142 0001:0002A055   143 0001:0002A0BD   145 0001:0002A119
   134 0001:0002A11A   148 0001:0002A123   149 0001:0002A129   150 0001:0002A185
   155 0001:0002A66C   156 0001:0002A68E   157 0001:0002A69C   159 0001:0002A6BE
   160 0001:0002A713   161 0001:0002A761   162 0001:0002A7EA   163 0001:0002A890
   164 0001:0002A93D   165 0001:0002A9E3   166 0001:0002AA90   167 0001:0002AB36
   160 0001:0002AB39   171 0001:0002AB42   172 0001:0002ABB5   173 0001:0002ABC9
   174 0001:0002AC2F   175 0001:0002ACAF   181 0001:0002AD52   182 0001:0002ADC5
   183 0001:0002ADD3   186 0001:0002AED3   187 0001:0002AF4F   189 0001:0002AF92
   191 0001:0002B00E   194 0001:0002B051   195 0001:0002B0D1   197 0001:0002B174
   198 0001:0002B1F4   200 0001:0002B297   202 0001:0002B317   204 0001:0002B3BA
   205 0001:0002B43A   207 0001:0002B4D2   208 0001:0002B552   210 0001:0002B5F5
   211 0001:0002B675   212 0001:0002B71B   213 0001:0002B79B   214 0001:0002B854
   215 0001:0002B897   216 0001:0002B950   217 0001:0002B993   218 0001:0002BA4C
   219 0001:0002BA8F   220 0001:0002BB72   221 0001:0002BC4B   222 0001:0002BD2E
   224 0001:0002BD3B   225 0001:0002BDBB   226 0001:0002BDC8   227 0001:0002BE6E
   228 0001:0002BF2B   230 0001:0002C020   231 0001:0002C0A0   232 0001:0002C146
   234 0001:0002C1C6   235 0001:0002C27F   236 0001:0002C2C2   237 0001:0002C2CF
   238 0001:0002C375   240 0001:0002C458   242 0001:0002C4BE   243 0001:0002C56B
   244 0001:0002C579   246 0001:0002C619   247 0001:0002C6D3   250 0001:0002C7B0
   240 0001:0002C7B3   254 0001:0002C7BC   255 0001:0002C82B   256 0001:0002C897
   257 0001:0002C906   258 0001:0002C972   259 0001:0002C9E1   260 0001:0002CA4D
   261 0001:0002CAC0   262 0001:0002CB33   263 0001:0002CB42   265 0001:0002CBB0
   267 0001:0002CBC0   268 0001:0002CC2F   269 0001:0002CC9B   270 0001:0002CD0A
   271 0001:0002CD76   272 0001:0002CDE5   273 0001:0002CE51   274 0001:0002CEC0
   275 0001:0002CF2F   276 0001:0002CF9E   277 0001:0002D00D   278 0001:0002D07C
   279 0001:0002D0E8   280 0001:0002D157   282 0001:0002D1C3   283 0001:0002D236
   284 0001:0002D29E   285 0001:0002D2B4   286 0001:0002D360   287 0001:0002D402
   288 0001:0002D4AE   289 0001:0002D55A   293 0001:0002D606   294 0001:0002D675
   296 0001:0002D6D7   297 0001:0002D74A   298 0001:0002D7C6   300 0001:0002D809
   301 0001:0002D885   303 0001:0002D8C8   304 0001:0002D944   306 0001:0002D987
   308 0001:0002D9EF   309 0001:0002DA05   311 0001:0002DAB4   313 0001:0002DB63
   315 0001:0002DC12   317 0001:0002DC92   319 0001:0002DD41   320 0001:0002DDC1
   322 0001:0002DE66   323 0001:0002DEE6   329 0001:0002DF8B   330 0001:0002DFFA
   333 0001:0002E066   334 0001:0002E0D9   335 0001:0002E155   337 0001:0002E198
   338 0001:0002E214   340 0001:0002E257   341 0001:0002E2D3   343 0001:0002E316
   344 0001:0002E392   346 0001:0002E3D5   348 0001:0002E43D   349 0001:0002E453
   351 0001:0002E4FF   353 0001:0002E5AB   355 0001:0002E657   361 0001:0002E703
   362 0001:0002E772   366 0001:0002E7B6   367 0001:0002E825   370 0001:0002E869
   157 0001:0002E86A   372 0001:0002E873

Line numbers for SimpleParserRDF(SimpleParserRDF.pas) segment .itext

   374 0002:0000014C

Line numbers for SimpleRSS(SimpleRSS.pas) segment .text

   107 0001:00030AA0   108 0001:00030AA1   109 0001:00030AB7   113 0001:00030AD0
   114 0001:00030AD4   115 0001:00030ADE   116 0001:00030AE6   117 0001:00030AF9
   118 0001:00030B02   121 0001:00030B08   122 0001:00030B1F   123 0001:00030B28
   124 0001:00030B37   125 0001:00030B4E   126 0001:00030B61   127 0001:00030B6A
   128 0001:00030B7A   129 0001:00030B7E   130 0001:00030B8D   131 0001:00030B94
   132 0001:00030B9C   135 0001:00030BC0   136 0001:00030BCB   137 0001:00030BD2
   138 0001:00030BD7   139 0001:00030BDE   140 0001:00030BE3   141 0001:00030BEA
   142 0001:00030BEF   143 0001:00030BFB   148 0001:00030C0C   149 0001:00030C2D
   150 0001:00030C35   151 0001:00030C44   152 0001:00030C4C   154 0001:00030C63
   156 0001:00030CA1   160 0001:00030CAA   162 0001:00030CE8   163 0001:00030D2A
   165 0001:00030D33   169 0001:00030D3C   171 0001:00030D7A   174 0001:00030D80
   178 0001:00030DCF   179 0001:00030E0C   181 0001:00030E54   182 0001:00030E68
   183 0001:00030E78   184 0001:00030E88   185 0001:00030E98   187 0001:00030EA8
   190 0001:00030EAA   192 0001:00030EAE   194 0001:00030EB3   195 0001:00030EBA
   198 0001:00030EC4   199 0001:00030F25   203 0001:0003103C   204 0001:00031045
   209 0001:00031048   210 0001:0003104B   211 0001:0003105C   212 0001:0003106C
   213 0001:0003107C   214 0001:0003108C   216 0001:0003109C   219 0001:0003109E
   221 0001:000310A2   222 0001:000310A6   223 0001:000310AD   226 0001:000310B7
   227 0001:000310D0   230 0001:000310D4   231 0001:000310D7   232 0001:000310E6
   235 0001:000310E8   236 0001:0003110F   237 0001:00031116   238 0001:0003112C
   239 0001:00031133   244 0001:00031160   245 0001:00031187   246 0001:00031190
   249 0001:000311BE   250 0001:000311CD   251 0001:000311DB   253 0001:000311F9
   254 0001:00031205   255 0001:00031210   258 0001:00031220   261 0001:0003124C
   262 0001:00031252   263 0001:00031259   264 0001:00031265   265 0001:0003126C
   268 0001:00031270   269 0001:00031290   270 0001:000312A0   275 0001:000312C4
   276 0001:000312CB   277 0001:000312D9   278 0001:000312E2   279 0001:000312EE
   280 0001:000312F5   283 0001:000312FC   284 0001:00031324   285 0001:0003132B
   286 0001:00031345   289 0001:00031370   290 0001:00031376   291 0001:0003137D
   292 0001:00031387   295 0001:0003138C   296 0001:00031392   297 0001:00031399
   298 0001:000313A8   301 0001:000313AC   302 0001:000313AF   303 0001:000313B6
   304 0001:000313BE   308 0001:000313C0   309 0001:000313C3   313 0001:000313C4
   314 0001:000313C7   318 0001:000313C8   319 0001:000313CB   322 0001:000313CC
   323 0001:000313CF   324 0001:000313DB   327 0001:000313E0   328 0001:000313E3
   329 0001:000313EF   332 0001:000313F4   333 0001:000313F7   334 0001:00031403
   337 0001:00031408   338 0001:0003140E   339 0001:00031418

Line numbers for SimpleRSS(SimpleRSS.pas) segment .itext

   341 0002:00000154

Line numbers for SimpleRSSUtils(SimpleRSSUtils.pas) segment .text

    50 0001:0003144C    52 0001:0003146A    53 0001:0003146C    54 0001:0003147E
    55 0001:00031480    56 0001:00031492    57 0001:00031494    58 0001:000314A6
    59 0001:000314A8    60 0001:000314BA    61 0001:000314BC    62 0001:000314CE
    63 0001:000314D0    64 0001:000314E2    65 0001:000314E4    66 0001:000314F6
    67 0001:000314F8    68 0001:0003150A    69 0001:0003150C    70 0001:0003151E
    71 0001:00031520    72 0001:00031532    73 0001:00031534    74 0001:00031546
    75 0001:00031548    76 0001:0003155A    77 0001:0003155C    78 0001:0003156E
    79 0001:00031570    80 0001:00031582    81 0001:00031584    82 0001:00031596
    83 0001:00031598    84 0001:000315AA    85 0001:000315AC    86 0001:000315BE
    87 0001:000315C0    88 0001:000315D2    89 0001:000315D4    90 0001:000315E6
    91 0001:000315E8    92 0001:000315FA    93 0001:000315FC    94 0001:0003160E
    95 0001:00031610    96 0001:00031622    97 0001:00031624    98 0001:00031636
    99 0001:00031638   100 0001:0003164A   101 0001:0003164C   102 0001:0003165E
   103 0001:00031660   104 0001:00031672   105 0001:00031674   106 0001:00031686
   107 0001:00031688   108 0001:0003169A   109 0001:0003169C   110 0001:000316AE
   111 0001:000316B0   112 0001:000316C2   113 0001:000316C4   114 0001:000316D6
   115 0001:000316D8   116 0001:000316EA   117 0001:000316EC   118 0001:000316FE
   119 0001:00031700   120 0001:00031712   121 0001:00031714   122 0001:00031726
   123 0001:00031728   124 0001:0003173A   125 0001:0003173C   126 0001:0003174E
   127 0001:00031750   128 0001:00031762   129 0001:00031764   130 0001:00031776
   131 0001:00031778   132 0001:0003178A   133 0001:0003178C   134 0001:0003179E
   135 0001:000317A0   136 0001:000317B2   137 0001:000317B4   138 0001:000317C6
   139 0001:000317C8   140 0001:000317DA   141 0001:000317DC   142 0001:000317EE
   143 0001:000317F0   144 0001:00031802   145 0001:00031804   146 0001:00031816
   147 0001:00031818   148 0001:0003182A   149 0001:0003182C   150 0001:0003183E
   151 0001:00031840   152 0001:00031852   153 0001:00031854   154 0001:00031866
   155 0001:00031868   156 0001:0003187A   157 0001:0003187C   158 0001:0003188E
   159 0001:00031890   160 0001:000318A2   161 0001:000318A4   162 0001:000318B6
   163 0001:000318B8   164 0001:000318CA   165 0001:000318CC   166 0001:000318DE
   167 0001:000318E0   168 0001:000318F2   169 0001:000318F4   170 0001:00031906
   171 0001:00031908   172 0001:0003191A   173 0001:0003191C   174 0001:0003192E
   175 0001:00031930   176 0001:00031942   177 0001:00031944   178 0001:00031956
   179 0001:00031958   180 0001:0003196A   181 0001:0003196C   182 0001:0003197E
   183 0001:00031980   184 0001:00031992   185 0001:00031994   186 0001:000319A6
   187 0001:000319A8   188 0001:000319BA   189 0001:000319BC   190 0001:000319CE
   191 0001:000319D0   192 0001:000319E2   193 0001:000319E4   194 0001:000319F6
   195 0001:000319F8   196 0001:00031A0A   197 0001:00031A0C   198 0001:00031A1E
   199 0001:00031A20   200 0001:00031A32   201 0001:00031A34   202 0001:00031A46
   203 0001:00031A48   204 0001:00031A5A   205 0001:00031A5C   206 0001:00031A6E
   207 0001:00031A70   208 0001:00031A82   209 0001:00031A84   210 0001:00031A96
   211 0001:00031A98   212 0001:00031AAA   213 0001:00031AAC   214 0001:00031ABE
   215 0001:00031AC0   216 0001:00031AD2   217 0001:00031AD4   218 0001:00031AE6
   219 0001:00031AE8   220 0001:00031AFA   221 0001:00031AFC   222 0001:00031B0E
   223 0001:00031B10   224 0001:00031B22   225 0001:00031B24   226 0001:00031B36
   227 0001:00031B38   228 0001:00031B4A   229 0001:00031B4C   230 0001:00031B5E
   231 0001:00031B60   232 0001:00031B72   233 0001:00031B74   234 0001:00031B86
   235 0001:00031B88   236 0001:00031B9A   237 0001:00031B9C   238 0001:00031BAE
   239 0001:00031BB0   240 0001:00031BC2   241 0001:00031BC4   242 0001:00031BD6
   243 0001:00031BD8   244 0001:00031BEA   245 0001:00031BEC   248 0001:00031C10
   249 0001:00031C16   250 0001:00031C1D   251 0001:00031C21   252 0001:00031C30
   253 0001:00031C35   254 0001:00031C44   255 0001:00031C49   256 0001:00031C58
   257 0001:00031C5D   258 0001:00031C6C   259 0001:00031C71   260 0001:00031C80
   261 0001:00031C85   262 0001:00031C94   263 0001:00031C99   264 0001:00031CA8
   265 0001:00031CAD   266 0001:00031CBC   267 0001:00031CC1   268 0001:00031CD0
   269 0001:00031CD5   270 0001:00031CE4   271 0001:00031CE9   272 0001:00031CF8
   273 0001:00031CFD   274 0001:00031D0C   275 0001:00031D11   276 0001:00031D20
   277 0001:00031D25   278 0001:00031D34   279 0001:00031D39   280 0001:00031D48
   281 0001:00031D4D   282 0001:00031D5C   283 0001:00031D61   284 0001:00031D70
   285 0001:00031D75   286 0001:00031D84   287 0001:00031D89   288 0001:00031D98
   289 0001:00031D9D   290 0001:00031DAC   291 0001:00031DB1   292 0001:00031DC0
   293 0001:00031DC5   294 0001:00031DD4   295 0001:00031DD9   296 0001:00031DE8
   297 0001:00031DED   298 0001:00031DFC   299 0001:00031E01   300 0001:00031E10
   301 0001:00031E15   302 0001:00031E24   303 0001:00031E29   304 0001:00031E38
   305 0001:00031E3D   306 0001:00031E4C   307 0001:00031E51   308 0001:00031E60
   309 0001:00031E65   310 0001:00031E74   311 0001:00031E79   312 0001:00031E88
   313 0001:00031E8D   314 0001:00031E9C   315 0001:00031EA1   316 0001:00031EB0
   317 0001:00031EB5   318 0001:00031EC4   319 0001:00031EC9   320 0001:00031ED8
   321 0001:00031EDD   322 0001:00031EEC   323 0001:00031EF1   324 0001:00031F00
   325 0001:00031F05   326 0001:00031F14   327 0001:00031F19   328 0001:00031F28
   329 0001:00031F2D   330 0001:00031F3C   331 0001:00031F41   332 0001:00031F50
   333 0001:00031F55   334 0001:00031F64   335 0001:00031F69   336 0001:00031F78
   337 0001:00031F7D   338 0001:00031F8C   339 0001:00031F91   340 0001:00031FA0
   341 0001:00031FA5   342 0001:00031FB4   343 0001:00031FB9   344 0001:00031FC8
   345 0001:00031FCD   346 0001:00031FDC   347 0001:00031FE1   348 0001:00031FF0
   349 0001:00031FF5   350 0001:00032004   351 0001:00032009   352 0001:00032018
   353 0001:0003201D   354 0001:0003202C   355 0001:00032031   356 0001:00032040
   357 0001:00032045   358 0001:00032054   359 0001:00032059   360 0001:00032068
   361 0001:0003206D   362 0001:0003207C   363 0001:00032081   364 0001:00032090
   365 0001:00032095   366 0001:000320A4   367 0001:000320A9   368 0001:000320B8
   369 0001:000320BD   370 0001:000320CC   371 0001:000320D1   372 0001:000320E0
   373 0001:000320E5   374 0001:000320F4   375 0001:000320F9   376 0001:00032108
   377 0001:0003210D   378 0001:0003211C   379 0001:00032121   380 0001:00032130
   381 0001:00032135   382 0001:00032144   383 0001:00032149   384 0001:00032158
   385 0001:0003215D   386 0001:0003216C   387 0001:00032171   388 0001:00032180
   389 0001:00032185   390 0001:00032194   391 0001:00032199   392 0001:000321A8
   393 0001:000321AD   394 0001:000321BC   395 0001:000321C1   396 0001:000321D0
   397 0001:000321D5   398 0001:000321E4   399 0001:000321E9   400 0001:000321F8
   401 0001:000321FD   402 0001:0003220C   403 0001:00032211   404 0001:00032220
   405 0001:00032225   406 0001:00032234   407 0001:00032239   408 0001:00032248
   409 0001:0003224D   410 0001:0003225C   411 0001:00032261   412 0001:00032270
   413 0001:00032275   414 0001:00032284   415 0001:00032289   416 0001:00032298
   417 0001:0003229D   418 0001:000322AC   419 0001:000322B1   420 0001:000322C0
   421 0001:000322C5   422 0001:000322D4   423 0001:000322D9   424 0001:000322E8
   425 0001:000322ED   426 0001:000322FC   427 0001:00032301   428 0001:00032310
   429 0001:00032315   430 0001:00032324   431 0001:00032329   432 0001:00032338
   433 0001:0003233D   434 0001:0003234C   435 0001:00032351   436 0001:00032360
   437 0001:00032365   438 0001:00032374   439 0001:00032379   440 0001:00032388
   441 0001:0003238D   442 0001:0003239C   447 0001:000323A0   448 0001:000323CA
   449 0001:000323D4   451 0001:000323D9   452 0001:000323EA   453 0001:000323F8
   455 0001:0003241C   459 0001:0003242C   464 0001:00032458   465 0001:00032486
   467 0001:000324A8   468 0001:000324F9   470 0001:0003250B   471 0001:0003255C
   473 0001:0003256E   474 0001:000325DD   476 0001:000325EF   477 0001:0003265E
   479 0001:00032670   480 0001:000326DF   482 0001:000326F1   483 0001:00032760
   485 0001:00032772   486 0001:000327E1   488 0001:000327F3   489 0001:00032862
   491 0001:00032874   492 0001:000328E3   494 0001:000328F5   495 0001:00032964
   497 0001:00032976   498 0001:000329E5   500 0001:000329F7   501 0001:00032A66
   503 0001:00032A78   504 0001:00032AE7   506 0001:00032AF9   507 0001:00032B68
   509 0001:00032B7A   510 0001:00032BE9   512 0001:00032BFB   513 0001:00032C6A
   515 0001:00032C7C   516 0001:00032CEB   518 0001:00032CFD   519 0001:00032D6C
   521 0001:00032D7E   522 0001:00032DED   524 0001:00032DFF   525 0001:00032E6E
   527 0001:00032E80   528 0001:00032EEF   530 0001:00032F01   531 0001:00032F70
   533 0001:00032F82   534 0001:00032FF1   536 0001:00033003   537 0001:00033072
   538 0001:00033084   465 0001:00033085   539 0001:0003308E   544 0001:000334E4
   545 0001:00033512   546 0001:00033534   547 0001:00033585   548 0001:00033597
   549 0001:000335E8   550 0001:000335FA   551 0001:00033669   552 0001:0003367B
   553 0001:000336EA   554 0001:000336FC   555 0001:0003376B   556 0001:0003377D
   557 0001:000337EC   558 0001:000337FE   559 0001:0003386D   560 0001:0003387F
   545 0001:00033880   561 0001:00033889

Line numbers for SimpleRSSUtils(SimpleRSSUtils.pas) segment .itext

   563 0002:0000015C

Line numbers for .SimpleRSS_D2k6_Win32(D:\source\simplerss\Source\SimpleRSS_D2k6_Win32.dpk) segment .itext

    76 0002:00000164

Bound resource files

SimpleRSS_D2k6_Win32.res
SimpleRSS.dcr
SimpleRSS_D2k6_Win32.drf


Program entry point at 0002:00000164
